Archive member included to satisfy reference by file (symbol)

c:/program files/microchip/xc8/v2.46/avr/bin/../lib/gcc/avr/5.4.0/../../../../avr/lib/avr5\libm.a(addsf3.o)
                              build/default/production/ECU_Layer/PCA9865/pca9685.o (__subsf3)
c:/program files/microchip/xc8/v2.46/avr/bin/../lib/gcc/avr/5.4.0/../../../../avr/lib/avr5\libm.a(addsf3x.o)
                              c:/program files/microchip/xc8/v2.46/avr/bin/../lib/gcc/avr/5.4.0/../../../../avr/lib/avr5\libm.a(addsf3.o) (__addsf3x)
c:/program files/microchip/xc8/v2.46/avr/bin/../lib/gcc/avr/5.4.0/../../../../avr/lib/avr5\libm.a(cmpsf2.o)
                              build/default/production/ECU_Layer/PCA9865/pca9685.o (__ltsf2)
c:/program files/microchip/xc8/v2.46/avr/bin/../lib/gcc/avr/5.4.0/../../../../avr/lib/avr5\libm.a(divsf3.o)
                              build/default/production/ECU_Layer/PCA9865/pca9685.o (__divsf3)
c:/program files/microchip/xc8/v2.46/avr/bin/../lib/gcc/avr/5.4.0/../../../../avr/lib/avr5\libm.a(divsf3x.o)
                              c:/program files/microchip/xc8/v2.46/avr/bin/../lib/gcc/avr/5.4.0/../../../../avr/lib/avr5\libm.a(divsf3.o) (__divsf3x)
c:/program files/microchip/xc8/v2.46/avr/bin/../lib/gcc/avr/5.4.0/../../../../avr/lib/avr5\libm.a(fixunssfsi.o)
                              build/default/production/ECU_Layer/PCA9865/pca9685.o (__fixunssfsi)
c:/program files/microchip/xc8/v2.46/avr/bin/../lib/gcc/avr/5.4.0/../../../../avr/lib/avr5\libm.a(floatsisf.o)
                              build/default/production/ECU_Layer/PCA9865/pca9685.o (__floatunsisf)
c:/program files/microchip/xc8/v2.46/avr/bin/../lib/gcc/avr/5.4.0/../../../../avr/lib/avr5\libm.a(fp_cmp.o)
                              c:/program files/microchip/xc8/v2.46/avr/bin/../lib/gcc/avr/5.4.0/../../../../avr/lib/avr5\libm.a(cmpsf2.o) (__fp_cmp)
c:/program files/microchip/xc8/v2.46/avr/bin/../lib/gcc/avr/5.4.0/../../../../avr/lib/avr5\libm.a(fp_inf.o)
                              c:/program files/microchip/xc8/v2.46/avr/bin/../lib/gcc/avr/5.4.0/../../../../avr/lib/avr5\libm.a(addsf3x.o) (__fp_inf)
c:/program files/microchip/xc8/v2.46/avr/bin/../lib/gcc/avr/5.4.0/../../../../avr/lib/avr5\libm.a(fp_nan.o)
                              c:/program files/microchip/xc8/v2.46/avr/bin/../lib/gcc/avr/5.4.0/../../../../avr/lib/avr5\libm.a(addsf3x.o) (__fp_nan)
c:/program files/microchip/xc8/v2.46/avr/bin/../lib/gcc/avr/5.4.0/../../../../avr/lib/avr5\libm.a(fp_pscA.o)
                              c:/program files/microchip/xc8/v2.46/avr/bin/../lib/gcc/avr/5.4.0/../../../../avr/lib/avr5\libm.a(addsf3x.o) (__fp_pscA)
c:/program files/microchip/xc8/v2.46/avr/bin/../lib/gcc/avr/5.4.0/../../../../avr/lib/avr5\libm.a(fp_pscB.o)
                              c:/program files/microchip/xc8/v2.46/avr/bin/../lib/gcc/avr/5.4.0/../../../../avr/lib/avr5\libm.a(addsf3x.o) (__fp_pscB)
c:/program files/microchip/xc8/v2.46/avr/bin/../lib/gcc/avr/5.4.0/../../../../avr/lib/avr5\libm.a(fp_round.o)
                              c:/program files/microchip/xc8/v2.46/avr/bin/../lib/gcc/avr/5.4.0/../../../../avr/lib/avr5\libm.a(addsf3.o) (__fp_round)
c:/program files/microchip/xc8/v2.46/avr/bin/../lib/gcc/avr/5.4.0/../../../../avr/lib/avr5\libm.a(fp_split3.o)
                              c:/program files/microchip/xc8/v2.46/avr/bin/../lib/gcc/avr/5.4.0/../../../../avr/lib/avr5\libm.a(addsf3x.o) (__fp_split3)
c:/program files/microchip/xc8/v2.46/avr/bin/../lib/gcc/avr/5.4.0/../../../../avr/lib/avr5\libm.a(fp_zero.o)
                              c:/program files/microchip/xc8/v2.46/avr/bin/../lib/gcc/avr/5.4.0/../../../../avr/lib/avr5\libm.a(addsf3x.o) (__fp_zero)
c:/program files/microchip/xc8/v2.46/avr/bin/../lib/gcc/avr/5.4.0/../../../../avr/lib/avr5\libm.a(gesf2.o)
                              build/default/production/ECU_Layer/PCA9865/pca9685.o (__gtsf2)
c:/program files/microchip/xc8/v2.46/avr/bin/../lib/gcc/avr/5.4.0/../../../../avr/lib/avr5\libm.a(mulsf3.o)
                              build/default/production/ECU_Layer/PCA9865/pca9685.o (__mulsf3)
c:/program files/microchip/xc8/v2.46/avr/bin/../lib/gcc/avr/5.4.0/../../../../avr/lib/avr5\libm.a(mulsf3x.o)
                              c:/program files/microchip/xc8/v2.46/avr/bin/../lib/gcc/avr/5.4.0/../../../../avr/lib/avr5\libm.a(mulsf3.o) (__mulsf3x)
c:/program files/microchip/xc8/v2.46/avr/bin/../lib/gcc/avr/5.4.0/avr5\libgcc.a(_copy_data.o)
                              build/default/production/MCAL_Layer/USART/USART.o (__do_copy_data)
c:/program files/microchip/xc8/v2.46/avr/bin/../lib/gcc/avr/5.4.0/../../../../avr/lib/avr5\libc.a(exit.o)
                              C:/Program Files/Microchip/MPLABX/v6.20/packs/Microchip/ATmega_DFP/3.1.264/xc8/avr/lib/avr5/crtatmega32a.o (exit)
c:/program files/microchip/xc8/v2.46/avr/bin/../lib/gcc/avr/5.4.0/../../../../avr/lib/avr5\libc.a(snprintf.o)
                              build/default/production/MCAL_Layer/USART/USART.o (snprintf)
[...]
Memory Configuration

Name             Origin             Length             Attributes
text             0x0000000000000000 0x0000000000008000 xr
data             0x0000000000800060 0x0000000000000800 rw !x
eeprom           0x0000000000810000 0x0000000000000400 rw !x
fuse             0x0000000000820000 0x0000000000000002 rw !x
lock             0x0000000000830000 0x0000000000000400 rw !x
signature        0x0000000000840000 0x0000000000000400 rw !x
user_signatures  0x0000000000850000 0x0000000000000400 rw !x
bootrow          0x0000000000860000 0x0000000000000400 rw !x
*default*        0x0000000000000000 0xffffffffffffffff

Linker script and memory map

LOAD C:/Program Files/Microchip/MPLABX/v6.20/packs/Microchip/ATmega_DFP/3.1.264/xc8/avr/lib/avr5/crtatmega32a.o
                0x0000000000000001                __MPLAB_BUILD = 0x1
LOAD build/default/production/ECU_Layer/PCA9865/pca9685.o
LOAD build/default/production/MCAL_Layer/I2C_BUS/i2c.o
LOAD build/default/production/MCAL_Layer/USART/USART.o
LOAD build/default/production/Main.o
START GROUP
LOAD c:/program files/microchip/xc8/v2.46/avr/bin/../lib/gcc/avr/5.4.0/../../../../avr/lib/avr5\libm.a
END GROUP
START GROUP
LOAD c:/program files/microchip/xc8/v2.46/avr/bin/../lib/gcc/avr/5.4.0/avr5\libgcc.a
LOAD c:/program files/microchip/xc8/v2.46/avr/bin/../lib/gcc/avr/5.4.0/../../../../avr/lib/avr5\libm.a
LOAD c:/program files/microchip/xc8/v2.46/avr/bin/../lib/gcc/avr/5.4.0/../../../../avr/lib/avr5\libc.a
LOAD C:/Program Files/Microchip/MPLABX/v6.20/packs/Microchip/ATmega_DFP/3.1.264/xc8/avr/lib/avr5\libatmega32a.a
END GROUP
                [0x0000000000000000]                __TEXT_REGION_ORIGIN__ = DEFINED (__TEXT_REGION_ORIGIN__)?__TEXT_REGION_ORIGIN__:0x0
                [0x0000000000800060]                __DATA_REGION_ORIGIN__ = DEFINED (__DATA_REGION_ORIGIN__)?__DATA_REGION_ORIGIN__:0x800060
                [0x0000000000008000]                __TEXT_REGION_LENGTH__ = DEFINED (__TEXT_REGION_LENGTH__)?__TEXT_REGION_LENGTH__:0x20000
                [0x0000000000000800]                __DATA_REGION_LENGTH__ = DEFINED (__DATA_REGION_LENGTH__)?__DATA_REGION_LENGTH__:0xffa0
                [0x0000000000000400]                __EEPROM_REGION_LENGTH__ = DEFINED (__EEPROM_REGION_LENGTH__)?__EEPROM_REGION_LENGTH__:0x10000
                [0x0000000000000002]                __FUSE_REGION_LENGTH__ = DEFINED (__FUSE_REGION_LENGTH__)?__FUSE_REGION_LENGTH__:0x400
                0x0000000000000400                __LOCK_REGION_LENGTH__ = DEFINED (__LOCK_REGION_LENGTH__)?__LOCK_REGION_LENGTH__:0x400
                0x0000000000000400                __SIGNATURE_REGION_LENGTH__ = DEFINED (__SIGNATURE_REGION_LENGTH__)?__SIGNATURE_REGION_LENGTH__:0x400
                0x0000000000000400                __USER_SIGNATURE_REGION_LENGTH__ = DEFINED (__USER_SIGNATURE_REGION_LENGTH__)?__USER_SIGNATURE_REGION_LENGTH__:0x400
                0x0000000000000400                __BOOTROW_REGION_LENGTH__ = DEFINED (__BOOTROW_REGION_LENGTH__)?__BOOTROW_REGION_LENGTH__:0x400

.hash
 *(.hash)

.dynsym
 *(.dynsym)

.dynstr
 *(.dynstr)

.gnu.version
 *(.gnu.version)

.gnu.version_d
 *(.gnu.version_d)

.gnu.version_r
 *(.gnu.version_r)

.rel.init
 *(.rel.init)

.rela.init
 *(.rela.init)

.rel.text
 *(.rel.text)
 *(.rel.text.*)
 *(.rel.gnu.linkonce.t*)

.rela.text
 *(.rela.text)
 *(.rela.text.*)
 *(.rela.gnu.linkonce.t*)

.rel.fini
 *(.rel.fini)

.rela.fini
 *(.rela.fini)

.rel.rodata
 *(.rel.rodata)
 *(.rel.rodata.*)
 *(.rel.gnu.linkonce.r*)

.rela.rodata
 *(.rela.rodata)
 *(.rela.rodata.*)
 *(.rela.gnu.linkonce.r*)

.rel.data
 *(.rel.data)
 *(.rel.data.*)
 *(.rel.gnu.linkonce.d*)

.rela.data
 *(.rela.data)
 *(.rela.data.*)
 *(.rela.gnu.linkonce.d*)

.rel.ctors
 *(.rel.ctors)

.rela.ctors
 *(.rela.ctors)

.rel.dtors
 *(.rel.dtors)

.rela.dtors
 *(.rela.dtors)

.rel.got
 *(.rel.got)

.rela.got
 *(.rela.got)

.rel.bss
 *(.rel.bss)

.rela.bss
 *(.rela.bss)

.rel.plt
 *(.rel.plt)

.rela.plt
 *(.rela.plt)

.text           0x0000000000000000       0xba
 *(.vectors)
 .vectors       0x0000000000000000       0x54 C:/Program Files/Microchip/MPLABX/v6.20/packs/Microchip/ATmega_DFP/3.1.264/xc8/avr/lib/avr5/crtatmega32a.o
                0x0000000000000000                __vector_default
                0x0000000000000000                __vectors
 *(.vectors)
 *(.progmem.gcc*)
 *(.dinit)
 .dinit         0x0000000000000054       0x11 data_init
                0x0000000000000066                . = ALIGN (0x2)
 *fill*         0x0000000000000065        0x1 
                0x0000000000000066                __trampolines_start = .
 *(.trampolines)
 .trampolines   0x0000000000000066        0x0 linker stubs
 *(.trampolines*)
                0x0000000000000066                __trampolines_end = .
 *libprintf_flt.a:*(.progmem.data)
 *libc.a:*(.progmem.data)
                0x0000000000000066                . = ALIGN (0x2)
 *(.jumptables)
 *(.jumptables*)
 *(.lowtext)
 *(.lowtext*)
                0x0000000000000066                __ctors_start = .
 *(.ctors)
                0x0000000000000066                __ctors_end = .
                0x0000000000000066                __dtors_start = .
 *(.dtors)
                0x0000000000000066                __dtors_end = .
 SORT(*)(.ctors)
 SORT(*)(.dtors)
 *(.init0)
 .init0         0x0000000000000066        0x0 C:/Program Files/Microchip/MPLABX/v6.20/packs/Microchip/ATmega_DFP/3.1.264/xc8/avr/lib/avr5/crtatmega32a.o
                0x0000000000000066                __init
 *(.init0)
 *(.init1)
 *(.init1)
 *(.init2)
 .init2         0x0000000000000066        0xc C:/Program Files/Microchip/MPLABX/v6.20/packs/Microchip/ATmega_DFP/3.1.264/xc8/avr/lib/avr5/crtatmega32a.o
 *(.init2)
 *(.init3)
 *(.init3)
 *(.init4)
 .init4         0x0000000000000072       0x3c c:/program files/microchip/xc8/v2.46/avr/bin/../lib/gcc/avr/5.4.0/avr5\libgcc.a(_copy_data.o)
                0x0000000000000072                __do_copy_data
                0x00000000000000a0                __do_clear_bss
 *(.init4)
 *(.init5)
 *(.init5)
 *(.init6)
 *(.init6)
 *(.init7)
 *(.init7)
 *(.init8)
 *(.init8)
 *(.init9)
 .init9         0x00000000000000ae        0x8 C:/Program Files/Microchip/MPLABX/v6.20/packs/Microchip/ATmega_DFP/3.1.264/xc8/avr/lib/avr5/crtatmega32a.o
 *(.init9)
                0x00000000000000b6                . = ALIGN (0x2)
 *(.fini9)
 .fini9         0x00000000000000b6        0x0 c:/program files/microchip/xc8/v2.46/avr/bin/../lib/gcc/avr/5.4.0/avr5\libgcc.a(_exit.o)
                0x00000000000000b6                _exit
 *(.fini9)
 *(.fini8)
 *(.fini8)
 *(.fini7)
 *(.fini7)
 *(.fini6)
 *(.fini6)
 *(.fini5)
 *(.fini5)
 *(.fini4)
 *(.fini4)
 *(.fini3)
 *(.fini3)
 *(.fini2)
 *(.fini2)
 *(.fini1)
 *(.fini1)
 *(.fini0)
 .fini0         0x00000000000000b6        0x4 c:/program files/microchip/xc8/v2.46/avr/bin/../lib/gcc/avr/5.4.0/avr5\libgcc.a(_exit.o)
 *(.fini0)
                0x00000000000000ba                _etext = .

.data           0x0000000000800060        0x0 load address 0x00000000000000ba
                [!provide]                        PROVIDE (__data_start, .)
 *(.gnu.linkonce.d*)
 *(.gnu.linkonce.r*)
                0x0000000000800060                . = ALIGN (0x2)
                0x0000000000800060                _edata = .
                [!provide]                        PROVIDE (__data_end, .)

.bss            0x0000000000800060        0x0
                [!provide]                        PROVIDE (__bss_start, .)
 *(COMMON)
                [!provide]                        PROVIDE (__bss_end, .)
                0x00000000000000ba                __data_load_start = LOADADDR (.data)
                0x00000000000000ba                __data_load_end = (__data_load_start + SIZEOF (.data))

.noinit         0x0000000000800060        0x0
                [!provide]                        PROVIDE (__noinit_start, .)
 *(.noinit*)
                [!provide]                        PROVIDE (__noinit_end, .)
                0x0000000000800060                _end = .

.eeprom         0x0000000000810000        0x0
 *(.eeprom*)
                0x0000000000810000                __eeprom_end = .

.fuse
 *(.fuse)
 *(.lfuse)
 *(.hfuse)
 *(.efuse)

.lock
 *(.lock*)

.signature
 *(.signature*)

.user_signatures
 *(.user_signatures*)

.bootrow
 *(.bootrow*)

.stab
 *(.stab)

.stabstr
 *(.stabstr)

.stab.excl
 *(.stab.excl)

.stab.exclstr
 *(.stab.exclstr)

.stab.index
 *(.stab.index)

.stab.indexstr
 *(.stab.indexstr)

.comment        0x0000000000000000       0x5b
 *(.comment)
 .comment       0x0000000000000000       0x2f build/default/production/ECU_Layer/PCA9865/pca9685.o
                                         0x30 (size before relaxing)
 .comment       0x000000000000002f       0x30 build/default/production/MCAL_Layer/I2C_BUS/i2c.o
 .comment       0x000000000000002f       0x30 build/default/production/MCAL_Layer/USART/USART.o
 .comment       0x000000000000002f       0x30 build/default/production/Main.o
 .comment       0x000000000000002f       0x2c c:/program files/microchip/xc8/v2.46/avr/bin/../lib/gcc/avr/5.4.0/../../../../avr/lib/avr5\libc.a(exit.o)
                                         0x2d (size before relaxing)
 .comment       0x000000000000005b       0x2d c:/program files/microchip/xc8/v2.46/avr/bin/../lib/gcc/avr/5.4.0/../../../../avr/lib/avr5\libc.a(atoi.o)
 .comment       0x000000000000005b       0x2d c:/program files/microchip/xc8/v2.46/avr/bin/../lib/gcc/avr/5.4.0/../../../../avr/lib/avr5\libc.a(strncpy.o)
 .comment       0x000000000000005b       0x2d c:/program files/microchip/xc8/v2.46/avr/bin/../lib/gcc/avr/5.4.0/../../../../avr/lib/avr5\libc.a(strtok.o)
 .comment       0x000000000000005b       0x2d c:/program files/microchip/xc8/v2.46/avr/bin/../lib/gcc/avr/5.4.0/../../../../avr/lib/avr5\libc.a(_Exit.o)
 .comment       0x000000000000005b       0x2d c:/program files/microchip/xc8/v2.46/avr/bin/../lib/gcc/avr/5.4.0/../../../../avr/lib/avr5\libc.a(strcspn.o)
 .comment       0x000000000000005b       0x2d c:/program files/microchip/xc8/v2.46/avr/bin/../lib/gcc/avr/5.4.0/../../../../avr/lib/avr5\libc.a(strspn.o)
 .comment       0x000000000000005b       0x2d c:/program files/microchip/xc8/v2.46/avr/bin/../lib/gcc/avr/5.4.0/../../../../avr/lib/avr5\libc.a(strchr.o)

.stack.descriptors.hdr
                0x0000000000000000      0x17a
 .stack.descriptors.hdr
                0x0000000000000000        0xe c:/program files/microchip/xc8/v2.46/avr/bin/../lib/gcc/avr/5.4.0/../../../../avr/lib/avr5\libm.a(addsf3.o)
 .stack.descriptors.hdr
                0x000000000000000e        0xe c:/program files/microchip/xc8/v2.46/avr/bin/../lib/gcc/avr/5.4.0/../../../../avr/lib/avr5\libm.a(addsf3x.o)
 .stack.descriptors.hdr
                0x000000000000001c        0xe c:/program files/microchip/xc8/v2.46/avr/bin/../lib/gcc/avr/5.4.0/../../../../avr/lib/avr5\libm.a(cmpsf2.o)
 .stack.descriptors.hdr
                0x000000000000002a        0xe c:/program files/microchip/xc8/v2.46/avr/bin/../lib/gcc/avr/5.4.0/../../../../avr/lib/avr5\libm.a(divsf3.o)
 .stack.descriptors.hdr
                0x0000000000000038        0xe c:/program files/microchip/xc8/v2.46/avr/bin/../lib/gcc/avr/5.4.0/../../../../avr/lib/avr5\libm.a(divsf3x.o)
 .stack.descriptors.hdr
                0x0000000000000046        0xe c:/program files/microchip/xc8/v2.46/avr/bin/../lib/gcc/avr/5.4.0/../../../../avr/lib/avr5\libm.a(fixunssfsi.o)
 .stack.descriptors.hdr
                0x0000000000000054        0xe c:/program files/microchip/xc8/v2.46/avr/bin/../lib/gcc/avr/5.4.0/../../../../avr/lib/avr5\libm.a(floatsisf.o)
 .stack.descriptors.hdr
                0x0000000000000062        0xe c:/program files/microchip/xc8/v2.46/avr/bin/../lib/gcc/avr/5.4.0/../../../../avr/lib/avr5\libm.a(fp_cmp.o)
 .stack.descriptors.hdr
                0x0000000000000070        0xe c:/program files/microchip/xc8/v2.46/avr/bin/../lib/gcc/avr/5.4.0/../../../../avr/lib/avr5\libm.a(fp_inf.o)
 .stack.descriptors.hdr
                0x000000000000007e        0xe c:/program files/microchip/xc8/v2.46/avr/bin/../lib/gcc/avr/5.4.0/../../../../avr/lib/avr5\libm.a(fp_nan.o)
 .stack.descriptors.hdr
                0x000000000000008c        0xe c:/program files/microchip/xc8/v2.46/avr/bin/../lib/gcc/avr/5.4.0/../../../../avr/lib/avr5\libm.a(fp_pscA.o)
 .stack.descriptors.hdr
                0x000000000000009a        0xe c:/program files/microchip/xc8/v2.46/avr/bin/../lib/gcc/avr/5.4.0/../../../../avr/lib/avr5\libm.a(fp_pscB.o)
 .stack.descriptors.hdr
                0x00000000000000a8        0xe c:/program files/microchip/xc8/v2.46/avr/bin/../lib/gcc/avr/5.4.0/../../../../avr/lib/avr5\libm.a(fp_round.o)
 .stack.descriptors.hdr
                0x00000000000000b6        0xe c:/program files/microchip/xc8/v2.46/avr/bin/../lib/gcc/avr/5.4.0/../../../../avr/lib/avr5\libm.a(fp_split3.o)
 .stack.descriptors.hdr
                0x00000000000000c4        0xe c:/program files/microchip/xc8/v2.46/avr/bin/../lib/gcc/avr/5.4.0/../../../../avr/lib/avr5\libm.a(fp_zero.o)
 .stack.descriptors.hdr
                0x00000000000000d2        0xe c:/program files/microchip/xc8/v2.46/avr/bin/../lib/gcc/avr/5.4.0/../../../../avr/lib/avr5\libm.a(gesf2.o)
 .stack.descriptors.hdr
                0x00000000000000e0        0xe c:/program files/microchip/xc8/v2.46/avr/bin/../lib/gcc/avr/5.4.0/../../../../avr/lib/avr5\libm.a(mulsf3.o)
 .stack.descriptors.hdr
                0x00000000000000ee        0xe c:/program files/microchip/xc8/v2.46/avr/bin/../lib/gcc/avr/5.4.0/../../../../avr/lib/avr5\libm.a(mulsf3x.o)
 .stack.descriptors.hdr
                0x00000000000000fc        0xe c:/program files/microchip/xc8/v2.46/avr/bin/../lib/gcc/avr/5.4.0/../../../../avr/lib/avr5\libc.a(exit.o)
 .stack.descriptors.hdr
                0x000000000000010a        0xe c:/program files/microchip/xc8/v2.46/avr/bin/../lib/gcc/avr/5.4.0/../../../../avr/lib/avr5\libc.a(atoi.o)
 .stack.descriptors.hdr
                0x0000000000000118        0xe c:/program files/microchip/xc8/v2.46/avr/bin/../lib/gcc/avr/5.4.0/../../../../avr/lib/avr5\libc.a(strncpy.o)
 .stack.descriptors.hdr
                0x0000000000000126        0xe c:/program files/microchip/xc8/v2.46/avr/bin/../lib/gcc/avr/5.4.0/../../../../avr/lib/avr5\libc.a(strtok.o)
 .stack.descriptors.hdr
                0x0000000000000134        0xe c:/program files/microchip/xc8/v2.46/avr/bin/../lib/gcc/avr/5.4.0/../../../../avr/lib/avr5\libc.a(_Exit.o)
 .stack.descriptors.hdr
                0x0000000000000142        0xe c:/program files/microchip/xc8/v2.46/avr/bin/../lib/gcc/avr/5.4.0/../../../../avr/lib/avr5\libc.a(strcspn.o)
 .stack.descriptors.hdr
                0x0000000000000150        0xe c:/program files/microchip/xc8/v2.46/avr/bin/../lib/gcc/avr/5.4.0/../../../../avr/lib/avr5\libc.a(strspn.o)
 .stack.descriptors.hdr
                0x000000000000015e        0xe c:/program files/microchip/xc8/v2.46/avr/bin/../lib/gcc/avr/5.4.0/../../../../avr/lib/avr5\libc.a(strchr.o)
 .stack.descriptors.hdr
                0x000000000000016c        0xe c:/program files/microchip/xc8/v2.46/avr/bin/../lib/gcc/avr/5.4.0/avr5\libgcc.a(_exit.o)

.note.GNU-stack
                0x0000000000000000        0x0
 .note.GNU-stack
                0x0000000000000000        0x0 c:/program files/microchip/xc8/v2.46/avr/bin/../lib/gcc/avr/5.4.0/../../../../avr/lib/avr5\libm.a(addsf3.o)
 .note.GNU-stack
                0x0000000000000000        0x0 c:/program files/microchip/xc8/v2.46/avr/bin/../lib/gcc/avr/5.4.0/../../../../avr/lib/avr5\libm.a(addsf3x.o)
 .note.GNU-stack
                0x0000000000000000        0x0 c:/program files/microchip/xc8/v2.46/avr/bin/../lib/gcc/avr/5.4.0/../../../../avr/lib/avr5\libm.a(cmpsf2.o)
 .note.GNU-stack
                0x0000000000000000        0x0 c:/program files/microchip/xc8/v2.46/avr/bin/../lib/gcc/avr/5.4.0/../../../../avr/lib/avr5\libm.a(divsf3.o)
 .note.GNU-stack
                0x0000000000000000        0x0 c:/program files/microchip/xc8/v2.46/avr/bin/../lib/gcc/avr/5.4.0/../../../../avr/lib/avr5\libm.a(divsf3x.o)
 .note.GNU-stack
                0x0000000000000000        0x0 c:/program files/microchip/xc8/v2.46/avr/bin/../lib/gcc/avr/5.4.0/../../../../avr/lib/avr5\libm.a(fixunssfsi.o)
 .note.GNU-stack
                0x0000000000000000        0x0 c:/program files/microchip/xc8/v2.46/avr/bin/../lib/gcc/avr/5.4.0/../../../../avr/lib/avr5\libm.a(floatsisf.o)
 .note.GNU-stack
                0x0000000000000000        0x0 c:/program files/microchip/xc8/v2.46/avr/bin/../lib/gcc/avr/5.4.0/../../../../avr/lib/avr5\libm.a(fp_cmp.o)
 .note.GNU-stack
                0x0000000000000000        0x0 c:/program files/microchip/xc8/v2.46/avr/bin/../lib/gcc/avr/5.4.0/../../../../avr/lib/avr5\libm.a(fp_inf.o)
 .note.GNU-stack
                0x0000000000000000        0x0 c:/program files/microchip/xc8/v2.46/avr/bin/../lib/gcc/avr/5.4.0/../../../../avr/lib/avr5\libm.a(fp_nan.o)
 .note.GNU-stack
                0x0000000000000000        0x0 c:/program files/microchip/xc8/v2.46/avr/bin/../lib/gcc/avr/5.4.0/../../../../avr/lib/avr5\libm.a(fp_pscA.o)
 .note.GNU-stack
                0x0000000000000000        0x0 c:/program files/microchip/xc8/v2.46/avr/bin/../lib/gcc/avr/5.4.0/../../../../avr/lib/avr5\libm.a(fp_pscB.o)
 .note.GNU-stack
                0x0000000000000000        0x0 c:/program files/microchip/xc8/v2.46/avr/bin/../lib/gcc/avr/5.4.0/../../../../avr/lib/avr5\libm.a(fp_round.o)
 .note.GNU-stack
                0x0000000000000000        0x0 c:/program files/microchip/xc8/v2.46/avr/bin/../lib/gcc/avr/5.4.0/../../../../avr/lib/avr5\libm.a(fp_split3.o)
 .note.GNU-stack
                0x0000000000000000        0x0 c:/program files/microchip/xc8/v2.46/avr/bin/../lib/gcc/avr/5.4.0/../../../../avr/lib/avr5\libm.a(fp_zero.o)
 .note.GNU-stack
                0x0000000000000000        0x0 c:/program files/microchip/xc8/v2.46/avr/bin/../lib/gcc/avr/5.4.0/../../../../avr/lib/avr5\libm.a(gesf2.o)
 .note.GNU-stack
                0x0000000000000000        0x0 c:/program files/microchip/xc8/v2.46/avr/bin/../lib/gcc/avr/5.4.0/../../../../avr/lib/avr5\libm.a(mulsf3.o)
 .note.GNU-stack
                0x0000000000000000        0x0 c:/program files/microchip/xc8/v2.46/avr/bin/../lib/gcc/avr/5.4.0/../../../../avr/lib/avr5\libm.a(mulsf3x.o)
 .note.GNU-stack
                0x0000000000000000        0x0 c:/program files/microchip/xc8/v2.46/avr/bin/../lib/gcc/avr/5.4.0/../../../../avr/lib/avr5\libc.a(exit.o)
 .note.GNU-stack
                0x0000000000000000        0x0 c:/program files/microchip/xc8/v2.46/avr/bin/../lib/gcc/avr/5.4.0/../../../../avr/lib/avr5\libc.a(atoi.o)
 .note.GNU-stack
                0x0000000000000000        0x0 c:/program files/microchip/xc8/v2.46/avr/bin/../lib/gcc/avr/5.4.0/../../../../avr/lib/avr5\libc.a(strncpy.o)
 .note.GNU-stack
                0x0000000000000000        0x0 c:/program files/microchip/xc8/v2.46/avr/bin/../lib/gcc/avr/5.4.0/../../../../avr/lib/avr5\libc.a(strtok.o)
 .note.GNU-stack
                0x0000000000000000        0x0 c:/program files/microchip/xc8/v2.46/avr/bin/../lib/gcc/avr/5.4.0/../../../../avr/lib/avr5\libc.a(_Exit.o)
 .note.GNU-stack
                0x0000000000000000        0x0 c:/program files/microchip/xc8/v2.46/avr/bin/../lib/gcc/avr/5.4.0/../../../../avr/lib/avr5\libc.a(strcspn.o)
 .note.GNU-stack
                0x0000000000000000        0x0 c:/program files/microchip/xc8/v2.46/avr/bin/../lib/gcc/avr/5.4.0/../../../../avr/lib/avr5\libc.a(strspn.o)
 .note.GNU-stack
                0x0000000000000000        0x0 c:/program files/microchip/xc8/v2.46/avr/bin/../lib/gcc/avr/5.4.0/../../../../avr/lib/avr5\libc.a(strchr.o)

.note.gnu.build-id
 *(.note.gnu.build-id)

.debug
 *(.debug)

.line
 *(.line)

.debug_srcinfo
 *(.debug_srcinfo)

.debug_sfnames
 *(.debug_sfnames)

.debug_aranges  0x0000000000000000      0x148
 *(.debug_aranges)
 .debug_aranges
                0x0000000000000000       0x28 build/default/production/ECU_Layer/PCA9865/pca9685.o
 .debug_aranges
                0x0000000000000028       0x50 build/default/production/MCAL_Layer/I2C_BUS/i2c.o
 .debug_aranges
                0x0000000000000078       0xa8 build/default/production/MCAL_Layer/USART/USART.o
 .debug_aranges
                0x0000000000000120       0x28 build/default/production/Main.o

.debug_pubnames
 *(.debug_pubnames)

.debug_info     0x0000000000000000     0x1dc8
 *(.debug_info .gnu.linkonce.wi.*)
 .debug_info    0x0000000000000000      0x4e6 C:/Program Files/Microchip/MPLABX/v6.20/packs/Microchip/ATmega_DFP/3.1.264/xc8/avr/lib/avr5/crtatmega32a.o
 .debug_info    0x00000000000004e6      0x724 build/default/production/ECU_Layer/PCA9865/pca9685.o
 .debug_info    0x0000000000000c0a      0x434 build/default/production/MCAL_Layer/I2C_BUS/i2c.o
 .debug_info    0x000000000000103e      0x79d build/default/production/MCAL_Layer/USART/USART.o
 .debug_info    0x00000000000017db      0x5ed build/default/production/Main.o

.debug_abbrev   0x0000000000000000      0x989
 *(.debug_abbrev)
 .debug_abbrev  0x0000000000000000      0x4a3 C:/Program Files/Microchip/MPLABX/v6.20/packs/Microchip/ATmega_DFP/3.1.264/xc8/avr/lib/avr5/crtatmega32a.o
 .debug_abbrev  0x00000000000004a3      0x138 build/default/production/ECU_Layer/PCA9865/pca9685.o
 .debug_abbrev  0x00000000000005db       0xa9 build/default/production/MCAL_Layer/I2C_BUS/i2c.o
 .debug_abbrev  0x0000000000000684      0x167 build/default/production/MCAL_Layer/USART/USART.o
 .debug_abbrev  0x00000000000007eb      0x19e build/default/production/Main.o

.debug_line     0x0000000000000000      0xae4
 *(.debug_line .debug_line.* .debug_line_end)
 .debug_line    0x0000000000000000      0x116 C:/Program Files/Microchip/MPLABX/v6.20/packs/Microchip/ATmega_DFP/3.1.264/xc8/avr/lib/avr5/crtatmega32a.o
 .debug_line    0x0000000000000116      0x229 build/default/production/ECU_Layer/PCA9865/pca9685.o
 .debug_line    0x000000000000033f      0x222 build/default/production/MCAL_Layer/I2C_BUS/i2c.o
 .debug_line    0x0000000000000561      0x36a build/default/production/MCAL_Layer/USART/USART.o
 .debug_line    0x00000000000008cb      0x219 build/default/production/Main.o

.debug_frame    0x0000000000000000      0x368
 *(.debug_frame)
 .debug_frame   0x0000000000000000       0x74 build/default/production/ECU_Layer/PCA9865/pca9685.o
 .debug_frame   0x0000000000000074       0x84 build/default/production/MCAL_Layer/I2C_BUS/i2c.o
 .debug_frame   0x00000000000000f8      0x21c build/default/production/MCAL_Layer/USART/USART.o
 .debug_frame   0x0000000000000314       0x54 build/default/production/Main.o

.debug_str      0x0000000000000000      0x225
 *(.debug_str)
 .debug_str     0x0000000000000000      0x196 C:/Program Files/Microchip/MPLABX/v6.20/packs/Microchip/ATmega_DFP/3.1.264/xc8/avr/lib/avr5/crtatmega32a.o
 .debug_str     0x0000000000000196       0x3d build/default/production/ECU_Layer/PCA9865/pca9685.o
 .debug_str     0x00000000000001d3        0x7 build/default/production/MCAL_Layer/I2C_BUS/i2c.o
 .debug_str     0x00000000000001da       0x13 build/default/production/MCAL_Layer/USART/USART.o
 .debug_str     0x00000000000001ed       0x38 build/default/production/Main.o

.debug_loc      0x0000000000000000      0x809
 *(.debug_loc)
 .debug_loc     0x0000000000000000      0x2fa build/default/production/ECU_Layer/PCA9865/pca9685.o
 .debug_loc     0x00000000000002fa      0x18e build/default/production/MCAL_Layer/I2C_BUS/i2c.o
 .debug_loc     0x0000000000000488      0x26f build/default/production/MCAL_Layer/USART/USART.o
 .debug_loc     0x00000000000006f7      0x112 build/default/production/Main.o

.debug_macinfo
 *(.debug_macinfo)

.debug_weaknames
 *(.debug_weaknames)

.debug_funcnames
 *(.debug_funcnames)

.debug_typenames
 *(.debug_typenames)

.debug_varnames
 *(.debug_varnames)

.debug_pubtypes
 *(.debug_pubtypes)

.debug_ranges   0x0000000000000000      0x108
 *(.debug_ranges)
 .debug_ranges  0x0000000000000000       0x18 build/default/production/ECU_Layer/PCA9865/pca9685.o
 .debug_ranges  0x0000000000000018       0x40 build/default/production/MCAL_Layer/I2C_BUS/i2c.o
 .debug_ranges  0x0000000000000058       0x98 build/default/production/MCAL_Layer/USART/USART.o
 .debug_ranges  0x00000000000000f0       0x18 build/default/production/Main.o

.debug_macro
 *(.debug_macro)
OUTPUT(dist/default/production/ARTIFICIAL_WRIST_GRAD_PROJ.X.production.elf elf32-avr)
LOAD linker stubs
LOAD data_init

.note.gnu.avr.deviceinfo
                0x0000000000000000       0x3c
 .note.gnu.avr.deviceinfo
                0x0000000000000000       0x3c C:/Program Files/Microchip/MPLABX/v6.20/packs/Microchip/ATmega_DFP/3.1.264/xc8/avr/lib/avr5/crtatmega32a.o

.bss.globalAddress
                0x00000000008000a6        0x1
 .bss.globalAddress
                0x00000000008000a6        0x1 build/default/production/ECU_Layer/PCA9865/pca9685.o
                0x00000000008000a6                globalAddress

.bss.globalFrequency
                0x000000000080009c        0x2
 .bss.globalFrequency
                0x000000000080009c        0x2 build/default/production/ECU_Layer/PCA9865/pca9685.o
                0x000000000080009c                globalFrequency

.bss.masterMode
                0x00000000008000a7        0x1
 .bss.masterMode
                0x00000000008000a7        0x1 build/default/production/MCAL_Layer/I2C_BUS/i2c.o

.bss.UART_TX_Fptr
                0x000000000080009e        0x2
 .bss.UART_TX_Fptr
                0x000000000080009e        0x2 build/default/production/MCAL_Layer/USART/USART.o

.bss.UART_RX_Fptr
                0x00000000008000a0        0x2
 .bss.UART_RX_Fptr
                0x00000000008000a0        0x2 build/default/production/MCAL_Layer/USART/USART.o

.bss.Receive_Str
                0x0000000000800060       0x2d
 .bss.Receive_Str
                0x0000000000800060       0x2d build/default/production/Main.o
                0x0000000000800060                Receive_Str

.bss.servo_angles
                0x000000000080008d        0xf
 .bss.servo_angles
                0x000000000080008d        0xf build/default/production/Main.o
                0x000000000080008d                servo_angles

.bss.p.1208     0x00000000008000a4        0x2
 .bss.p.1208    0x00000000008000a4        0x2 c:/program files/microchip/xc8/v2.46/avr/bin/../lib/gcc/avr/5.4.0/../../../../avr/lib/avr5\libc.a(strtok.o)

.text.pca9685_servo
                0x00000000000000ba      0x11c
 .text.pca9685_servo
                0x00000000000000ba      0x11c build/default/production/ECU_Layer/PCA9865/pca9685.o
                0x00000000000000ba                pca9685_servo

.text.pca9685_init
                0x00000000000001d6      0x10c
 .text.pca9685_init
                0x00000000000001d6      0x10c build/default/production/ECU_Layer/PCA9865/pca9685.o
                0x00000000000001d6                pca9685_init

.text           0x00000000000002e2       0xde
 .text          0x00000000000002e2       0xde c:/program files/microchip/xc8/v2.46/avr/bin/../lib/gcc/avr/5.4.0/../../../../avr/lib/avr5\libm.a(divsf3x.o)
                0x00000000000002e2                __divsf3x
                0x000000000000030a                __divsf3_pse

.text           0x00000000000003c0       0xd4
 .text          0x00000000000003c0       0xd4 c:/program files/microchip/xc8/v2.46/avr/bin/../lib/gcc/avr/5.4.0/../../../../avr/lib/avr5\libm.a(mulsf3x.o)
                0x00000000000003c0                __mulsf3x
                0x00000000000003e6                __mulsf3_pse

.text           0x0000000000000494       0xce
 .text          0x0000000000000494       0xce c:/program files/microchip/xc8/v2.46/avr/bin/../lib/gcc/avr/5.4.0/../../../../avr/lib/avr5\libm.a(addsf3x.o)
                0x0000000000000494                __addsf3x

.text.parseServoAngles
                0x0000000000000562       0x9a
 .text.parseServoAngles
                0x0000000000000562       0x9a build/default/production/Main.o
                0x0000000000000562                parseServoAngles

.text.strtok    0x00000000000005fc       0x7e
 .text.strtok   0x00000000000005fc       0x7e c:/program files/microchip/xc8/v2.46/avr/bin/../lib/gcc/avr/5.4.0/../../../../avr/lib/avr5\libc.a(strtok.o)
                0x00000000000005fc                strtok

.text           0x000000000000067a       0x7a
 .text          0x000000000000067a       0x7a c:/program files/microchip/xc8/v2.46/avr/bin/../lib/gcc/avr/5.4.0/../../../../avr/lib/avr5\libm.a(floatsisf.o)
                0x000000000000067a                __floatunsisf
                0x000000000000067e                __floatsisf

.text.atoi      0x00000000000006f4       0x72
 .text.atoi     0x00000000000006f4       0x72 c:/program files/microchip/xc8/v2.46/avr/bin/../lib/gcc/avr/5.4.0/../../../../avr/lib/avr5\libc.a(atoi.o)
                0x00000000000006f4                atoi

.text.main      0x0000000000000766       0x68
 .text.main     0x0000000000000766       0x68 build/default/production/Main.o
                0x0000000000000766                main

.text           0x00000000000007ce       0x5e
 .text          0x00000000000007ce       0x5e c:/program files/microchip/xc8/v2.46/avr/bin/../lib/gcc/avr/5.4.0/../../../../avr/lib/avr5\libm.a(fixunssfsi.o)
                0x00000000000007ce                __fixunssfsi

.text.UART_ReceiveString
                0x000000000000082c       0x5c
 .text.UART_ReceiveString
                0x000000000000082c       0x5c build/default/production/MCAL_Layer/USART/USART.o
                0x000000000000082c                UART_ReceiveString

.text.__vector_13
                0x0000000000000888       0x52
 .text.__vector_13
                0x0000000000000888       0x52 build/default/production/MCAL_Layer/USART/USART.o
                0x0000000000000888                __vector_13

.text.__vector_15
                0x00000000000008da       0x52
 .text.__vector_15
                0x00000000000008da       0x52 build/default/production/MCAL_Layer/USART/USART.o
                0x00000000000008da                __vector_15

.text           0x000000000000092c       0x48
 .text          0x000000000000092c       0x48 c:/program files/microchip/xc8/v2.46/avr/bin/../lib/gcc/avr/5.4.0/../../../../avr/lib/avr5\libm.a(fp_cmp.o)
                0x000000000000092c                __fp_cmp

.text.i2c_tx_address
                0x0000000000000974       0x44
 .text.i2c_tx_address
                0x0000000000000974       0x44 build/default/production/MCAL_Layer/I2C_BUS/i2c.o
                0x0000000000000974                i2c_tx_address

.text           0x00000000000009b8       0x44
 .text          0x00000000000009b8       0x44 c:/program files/microchip/xc8/v2.46/avr/bin/../lib/gcc/avr/5.4.0/../../../../avr/lib/avr5\libm.a(fp_split3.o)
                0x00000000000009b8                __fp_split3
                0x00000000000009c8                __fp_splitA

.text.strcspn   0x00000000000009fc       0x3a
 .text.strcspn  0x00000000000009fc       0x3a c:/program files/microchip/xc8/v2.46/avr/bin/../lib/gcc/avr/5.4.0/../../../../avr/lib/avr5\libc.a(strcspn.o)
                0x00000000000009fc                strcspn

.text.strspn    0x0000000000000a36       0x3a
 .text.strspn   0x0000000000000a36       0x3a c:/program files/microchip/xc8/v2.46/avr/bin/../lib/gcc/avr/5.4.0/../../../../avr/lib/avr5\libc.a(strspn.o)
                0x0000000000000a36                strspn

.text.libgcc.prologue
                0x0000000000000a70       0x38
 .text.libgcc.prologue
                0x0000000000000a70       0x38 c:/program files/microchip/xc8/v2.46/avr/bin/../lib/gcc/avr/5.4.0/avr5\libgcc.a(_prologue.o)
                0x0000000000000a70                __prologue_saves__

.text.libgcc.prologue
                0x0000000000000aa8       0x36
 .text.libgcc.prologue
                0x0000000000000aa8       0x36 c:/program files/microchip/xc8/v2.46/avr/bin/../lib/gcc/avr/5.4.0/avr5\libgcc.a(_epilogue.o)
                0x0000000000000aa8                __epilogue_restores__

.text.strncpy   0x0000000000000ade       0x34
 .text.strncpy  0x0000000000000ade       0x34 c:/program files/microchip/xc8/v2.46/avr/bin/../lib/gcc/avr/5.4.0/../../../../avr/lib/avr5\libc.a(strncpy.o)
                0x0000000000000ade                strncpy

.text.i2c_tx_start
                0x0000000000000b12       0x24
 .text.i2c_tx_start
                0x0000000000000b12       0x24 build/default/production/MCAL_Layer/I2C_BUS/i2c.o
                0x0000000000000b12                i2c_tx_start

.text           0x0000000000000b36       0x22
 .text          0x0000000000000b36       0x22 c:/program files/microchip/xc8/v2.46/avr/bin/../lib/gcc/avr/5.4.0/../../../../avr/lib/avr5\libm.a(fp_round.o)
                0x0000000000000b36                __fp_round

.text.i2c_tx_byte
                0x0000000000000b58       0x1e
 .text.i2c_tx_byte
                0x0000000000000b58       0x1e build/default/production/MCAL_Layer/I2C_BUS/i2c.o
                0x0000000000000b58                i2c_tx_byte

.text.strchr    0x0000000000000b76       0x18
 .text.strchr   0x0000000000000b76       0x18 c:/program files/microchip/xc8/v2.46/avr/bin/../lib/gcc/avr/5.4.0/../../../../avr/lib/avr5\libc.a(strchr.o)
                0x0000000000000b76                strchr

.text.exit      0x0000000000000b8e       0x16
 .text.exit     0x0000000000000b8e       0x16 c:/program files/microchip/xc8/v2.46/avr/bin/../lib/gcc/avr/5.4.0/../../../../avr/lib/avr5\libc.a(exit.o)
                0x0000000000000b8e                exit

.text.UART_Init
                0x0000000000000ba4       0x14
 .text.UART_Init
                0x0000000000000ba4       0x14 build/default/production/MCAL_Layer/USART/USART.o
                0x0000000000000ba4                UART_Init

.text.i2c_tx_stop
                0x0000000000000bb8        0xe
 .text.i2c_tx_stop
                0x0000000000000bb8        0xe build/default/production/MCAL_Layer/I2C_BUS/i2c.o
                0x0000000000000bb8                i2c_tx_stop

.text           0x0000000000000bc6        0xe
 .text          0x0000000000000bc6        0xe c:/program files/microchip/xc8/v2.46/avr/bin/../lib/gcc/avr/5.4.0/../../../../avr/lib/avr5\libm.a(addsf3.o)
                0x0000000000000bc6                __subsf3
                0x0000000000000bc8                __addsf3

.text           0x0000000000000bd4        0xe
 .text          0x0000000000000bd4        0xe c:/program files/microchip/xc8/v2.46/avr/bin/../lib/gcc/avr/5.4.0/../../../../avr/lib/avr5\libm.a(fp_pscA.o)
                0x0000000000000bd4                __fp_pscA

.text           0x0000000000000be2        0xe
 .text          0x0000000000000be2        0xe c:/program files/microchip/xc8/v2.46/avr/bin/../lib/gcc/avr/5.4.0/../../../../avr/lib/avr5\libm.a(fp_pscB.o)
                0x0000000000000be2                __fp_pscB

.text           0x0000000000000bf0        0xe
 .text          0x0000000000000bf0        0xe c:/program files/microchip/xc8/v2.46/avr/bin/../lib/gcc/avr/5.4.0/../../../../avr/lib/avr5\libm.a(fp_zero.o)
                0x0000000000000bf0                __fp_zero
                0x0000000000000bf2                __fp_szero

.text.i2c_init  0x0000000000000bfe        0xc
 .text.i2c_init
                0x0000000000000bfe        0xc build/default/production/MCAL_Layer/I2C_BUS/i2c.o
                0x0000000000000bfe                i2c_init

.text           0x0000000000000c0a        0xc
 .text          0x0000000000000c0a        0xc c:/program files/microchip/xc8/v2.46/avr/bin/../lib/gcc/avr/5.4.0/../../../../avr/lib/avr5\libm.a(fp_inf.o)
                0x0000000000000c0a                __fp_inf

.text           0x0000000000000c16        0xa
 .text          0x0000000000000c16        0xa c:/program files/microchip/xc8/v2.46/avr/bin/../lib/gcc/avr/5.4.0/../../../../avr/lib/avr5\libm.a(cmpsf2.o)
                0x0000000000000c16                __nesf2
                0x0000000000000c16                __eqsf2
                0x0000000000000c16                __cmpsf2
                0x0000000000000c16                __ltsf2
                0x0000000000000c16                __lesf2

.text           0x0000000000000c20        0xa
 .text          0x0000000000000c20        0xa c:/program files/microchip/xc8/v2.46/avr/bin/../lib/gcc/avr/5.4.0/../../../../avr/lib/avr5\libm.a(gesf2.o)
                0x0000000000000c20                __gesf2
                0x0000000000000c20                __gtsf2

.text.UART_ReceiveByte
                0x0000000000000c2a        0x8
 .text.UART_ReceiveByte
                0x0000000000000c2a        0x8 build/default/production/MCAL_Layer/USART/USART.o
                0x0000000000000c2a                UART_ReceiveByte

.text           0x0000000000000c32        0x8
 .text          0x0000000000000c32        0x8 c:/program files/microchip/xc8/v2.46/avr/bin/../lib/gcc/avr/5.4.0/../../../../avr/lib/avr5\libm.a(divsf3.o)
                0x0000000000000c32                __divsf3

.text           0x0000000000000c3a        0x8
 .text          0x0000000000000c3a        0x8 c:/program files/microchip/xc8/v2.46/avr/bin/../lib/gcc/avr/5.4.0/../../../../avr/lib/avr5\libm.a(mulsf3.o)
                0x0000000000000c3a                __mulsf3

.text           0x0000000000000c42        0x6
 .text          0x0000000000000c42        0x6 c:/program files/microchip/xc8/v2.46/avr/bin/../lib/gcc/avr/5.4.0/../../../../avr/lib/avr5\libm.a(fp_nan.o)
                0x0000000000000c42                __fp_nan

.text           0x0000000000000c48        0x4
 .text          0x0000000000000c48        0x4 C:/Program Files/Microchip/MPLABX/v6.20/packs/Microchip/ATmega_DFP/3.1.264/xc8/avr/lib/avr5/crtatmega32a.o
                0x0000000000000c48                __vector_1
                0x0000000000000c48                __vector_12
                0x0000000000000c48                __bad_interrupt
                0x0000000000000c48                __vector_6
                0x0000000000000c48                __vector_3
                0x0000000000000c48                __vector_11
                0x0000000000000c48                __vector_17
                0x0000000000000c48                __vector_19
                0x0000000000000c48                __vector_7
                0x0000000000000c48                __vector_5
                0x0000000000000c48                __vector_4
                0x0000000000000c48                __vector_9
                0x0000000000000c48                __vector_2
                0x0000000000000c48                __vector_8
                0x0000000000000c48                __vector_14
                0x0000000000000c48                __vector_10
                0x0000000000000c48                __vector_16
                0x0000000000000c48                __vector_18
                0x0000000000000c48                __vector_20

.text._Exit     0x0000000000000c4c        0x4
 .text._Exit    0x0000000000000c4c        0x4 c:/program files/microchip/xc8/v2.46/avr/bin/../lib/gcc/avr/5.4.0/../../../../avr/lib/avr5\libc.a(_Exit.o)
                0x0000000000000c4c                _Exit

.text.__dummy_fini
                0x0000000000000c50        0x2
 .text.__dummy_fini
                0x0000000000000c50        0x2 c:/program files/microchip/xc8/v2.46/avr/bin/../lib/gcc/avr/5.4.0/../../../../avr/lib/avr5\libc.a(exit.o)
                0x0000000000000c50                _fini

.text.__dummy_funcs_on_exit
                0x0000000000000c52        0x2
 .text.__dummy_funcs_on_exit
                0x0000000000000c52        0x2 c:/program files/microchip/xc8/v2.46/avr/bin/../lib/gcc/avr/5.4.0/../../../../avr/lib/avr5\libc.a(exit.o)
                0x0000000000000c52                __funcs_on_exit

.text.__dummy_simulator_exit
                0x0000000000000c54        0x2
 .text.__dummy_simulator_exit
                0x0000000000000c54        0x2 c:/program files/microchip/xc8/v2.46/avr/bin/../lib/gcc/avr/5.4.0/../../../../avr/lib/avr5\libc.a(exit.o)
                0x0000000000000c54                __simulator_exit

.rodata         0x00000000008000a2        0x2 load address 0x0000000000000c56
 .rodata        0x00000000008000a2        0x2 build/default/production/Main.o
