Microchip MPLAB XC8 Compiler V2.46

Linker command line:

-W-3 \
  --edf=C:\Program Files\Microchip\xc8\v2.46\pic\dat\20240104201356_en.msgs \
  -cn -h+dist/default/debug\application.X.debug.sym \
  --cmf=dist/default/debug\application.X.debug.cmf -z -Q18F4620 \
  -oC:\Users\LENOVO\AppData\Local\Temp\xcAscic.\driver_tmp_3.o \
  --defsym=__MPLAB_BUILD=1 --fixupoverflow=error \
  -Mdist/default/debug/application.X.debug.map \
  --md=C:\Users\LENOVO\AppData\Local\Temp\xcAscic.\driver_tmp_0.dat -E1 \
  -ver=XC8 Compiler --acfsm=1493 -ACODE=00h-0FFFFh -ACONST=00h-0FFFFh \
  -ASMALLCONST=01000h-010FFhx240 -AMEDIUMCONST=01000h-0FFFFh \
  -ACOMRAM=01h-07Fh -AABS1=00h-0F7Fh -ABIGRAM=01h-0F7Fh \
  -ARAM=080h-0FFh,0100h-01FFhx14,0F00h-0F7Fh -ABANK0=080h-0FFh \
  -ABANK1=0100h-01FFh -ABANK2=0200h-02FFh -ABANK3=0300h-03FFh \
  -ABANK4=0400h-04FFh -ABANK5=0500h-05FFh -ABANK6=0600h-06FFh \
  -ABANK7=0700h-07FFh -ABANK8=0800h-08FFh -ABANK9=0900h-09FFh \
  -ABANK10=0A00h-0AFFh -ABANK11=0B00h-0BFFh -ABANK12=0C00h-0CFFh \
  -ABANK13=0D00h-0DFFh -ABANK14=0E00h-0EFFh -ABANK15=0F00h-0F7Fh \
  -ASFR=0F80h-0FFFh -ABIGSFR=0F80h-0FFFh -ACONFIG=0300000h-030000Dh \
  -AIDLOC=0200000h-0200007h -AEEDATA=0F00000h-0F003FFh -peeprom_data=EEDATA \
  -preset_vec=00h,intcode=8h,intcodelo,powerup,init -pramtop=01000h \
  -psmallconst=SMALLCONST -pmediumconst=MEDIUMCONST -pconst=CONST \
  -AFARRAM=00h-00h \
  -prdata=COMRAM,nvrram=COMRAM,nvbit=COMRAM,rbss=COMRAM,rbit=COMRAM \
  -pfarbss=FARRAM,fardata=FARRAM,nvFARRAM=FARRAM \
  -pintsave_regs=BIGRAM,bigbss=BIGRAM,bigdata=BIGRAM -pbss=RAM \
  -pidata=CODE,irdata=CODE,ibigdata=CODE,ifardata=CODE -prparam=COMRAM \
  C:\Users\LENOVO\AppData\Local\Temp\xcAscic.\driver_tmp_9.o \
  dist/default/debug\application.X.debug.o 

Object code version is 3.11

Machine type is 18F4620



                Name                               Link     Load   Length Selector   Space Scale
C:\Users\LENOVO\AppData\Local\Temp\xcAscic.\driver_tmp_9.o
                config                           300000   300000        E        0       4
                init                                  E        E        4        4       0
                reset_vec                             0        0        4        0       0
dist/default/debug\application.X.debug.o
                intcode                               8        8        6        4       0
                config                           300000   300000        E        0       4
                temp                                 6E       6E        1        1       1
                smallconst                         1000     1000       16      800       0
                text40                             1FCA     1FCA        4      FBC       0
                text39                             1FC6     1FC6        4      FBC       0
                text38                             1FC2     1FC2        4      FBC       0
                text37                             1FD0     1FD0        2      FBC       0
                text36                             1FBE     1FBE        4      FBC       0
                text35                             1FBA     1FBA        4      FBC       0
                text34                             1FB6     1FB6        4      FBC       0
                text33                             1FB2     1FB2        4      FBC       0
                text32                             1FAE     1FAE        4      FBC       0
                text31                             1FAA     1FAA        4      FBC       0
                text30                             1F38     1F38       1A      F64       0
                text29                             1F1E     1F1E       1A      F64       0
                text28                             1F04     1F04       1A      F64       0
                text27                             1EEA     1EEA       1A      F64       0
                text26                             1FCE     1FCE        2      FBC       0
                text25                             1672     1672      110      80B       0
                text24                             1B8E     1B8E       6A      80B       0
                text23                             1F90     1F90        C      FBC       0
                text22                             1E0E     1E0E       36      80B       0
                text21                             1F84     1F84        C      FBC       0
                text20                             1F9C     1F9C        8      FBC       0
                text19                             1F78     1F78        C      FBC       0
                intcode_body                       1016     1016      436      80B       0
                text17                             1AA4     1AA4       76      80B       0
                text16                             1D82     1D82       52      80B       0
                text15                             1DD4     1DD4       3A      80B       0
                text14                             1996     1996       8E      80B       0
                text13                             1560     1560      112      80B       0
                text12                             144C     144C      114      80B       0
                text11                             1CC4     1CC4       64      80B       0
                text10                             1D28     1D28       5A      80B       0
                text9                              1E70     1E70       2C      80B       0
                text8                              1BF8     1BF8       68      80B       0
                text7                              188C     188C      10A      80B       0
                text6                              1E44     1E44       2C      80B       0
                text5                              1A24     1A24       80      80B       0
                text4                              1782     1782      10A      80B       0
                text3                              1F52     1F52       16      F64       0
                text2                              1FA4     1FA4        6      FBC       0
                text1                              1B1A     1B1A       74      80B       0
                text0                              1EC8     1EC8       22      F64       0
                cstackCOMRAM                         46       46       18        1       1
                cstackBANK0                          AB       AB        D       80       1
                dataBANK0                            80       80       2B       80       1
                bssBANK0                             B8       B8        6       80       1
                dataCOMRAM                           5E       5E        F        1       1
                bssCOMRAM                             1        1       45        1       1
                cinit                              1C60     1C60       64      80B       0
                nvCOMRAM                             6D       6D        1        1       1
                idataBANK0                         1E9C     1E9C       2B      80B       0
                idataCOMRAM                        1F68     1F68        F      F64       0

TOTAL           Name                               Link     Load   Length     Space
        CLASS   CODE           
                intcode                               8        8        6         0
                init                                  E        E        4         0
                reset_vec                             0        0        4         0
                text40                             1FCA     1FCA        4         0
                text39                             1FC6     1FC6        4         0
                text38                             1FC2     1FC2        4         0
                text37                             1FD0     1FD0        2         0
                text36                             1FBE     1FBE        4         0
                text35                             1FBA     1FBA        4         0
                text34                             1FB6     1FB6        4         0
                text33                             1FB2     1FB2        4         0
                text32                             1FAE     1FAE        4         0
                text31                             1FAA     1FAA        4         0
                text30                             1F38     1F38       1A         0
                text29                             1F1E     1F1E       1A         0
                text28                             1F04     1F04       1A         0
                text27                             1EEA     1EEA       1A         0
                text26                             1FCE     1FCE        2         0
                text25                             1672     1672      110         0
                text24                             1B8E     1B8E       6A         0
                text23                             1F90     1F90        C         0
                text22                             1E0E     1E0E       36         0
                text21                             1F84     1F84        C         0
                text20                             1F9C     1F9C        8         0
                text19                             1F78     1F78        C         0
                intcode_body                       1016     1016      436         0
                text17                             1AA4     1AA4       76         0
                text16                             1D82     1D82       52         0
                text15                             1DD4     1DD4       3A         0
                text14                             1996     1996       8E         0
                text13                             1560     1560      112         0
                text12                             144C     144C      114         0
                text11                             1CC4     1CC4       64         0
                text10                             1D28     1D28       5A         0
                text9                              1E70     1E70       2C         0
                text8                              1BF8     1BF8       68         0
                text7                              188C     188C      10A         0
                text6                              1E44     1E44       2C         0
                text5                              1A24     1A24       80         0
                text4                              1782     1782      10A         0
                text3                              1F52     1F52       16         0
                text2                              1FA4     1FA4        6         0
                text1                              1B1A     1B1A       74         0
                text0                              1EC8     1EC8       22         0
                cinit                              1C60     1C60       64         0
                idataBANK0                         1E9C     1E9C       2B         0
                idataCOMRAM                        1F68     1F68        F         0

        CLASS   CONST          

        CLASS   SMALLCONST     
                smallconst                         1000     1000       16         0

        CLASS   MEDIUMCONST    

        CLASS   COMRAM         
                temp                                 6E       6E        1         1
                cstackCOMRAM                         46       46       18         1
                dataCOMRAM                           5E       5E        F         1
                bssCOMRAM                             1        1       45         1
                nvCOMRAM                             6D       6D        1         1

        CLASS   ABS1           

        CLASS   BIGRAM         

        CLASS   RAM            

        CLASS   BANK0          
                cstackBANK0                          AB       AB        D         1
                dataBANK0                            80       80       2B         1
                bssBANK0                             B8       B8        6         1

        CLASS   BANK1          

        CLASS   BANK2          

        CLASS   BANK3          

        CLASS   BANK4          

        CLASS   BANK5          

        CLASS   BANK6          

        CLASS   BANK7          

        CLASS   BANK8          

        CLASS   BANK9          

        CLASS   BANK10         

        CLASS   BANK11         

        CLASS   BANK12         

        CLASS   BANK13         

        CLASS   BANK14         

        CLASS   BANK15         

        CLASS   SFR            

        CLASS   BIGSFR         

        CLASS   CONFIG         
                config                           300000   300000        E         4

        CLASS   IDLOC          

        CLASS   EEDATA         

        CLASS   FARRAM         

        CLASS   HEAP           

        CLASS   STACK          



SEGMENTS        Name                           Load    Length   Top    Selector   Space  Class

                reset_vec                      000000  000004  000004         0       0  CODE    
                bssCOMRAM                      000001  00006E  00006F         1       1  COMRAM  
                intcode                        000008  00000A  000012         4       0  CODE    
                dataBANK0                      000080  00003E  0000BE        80       1  BANK0   
                smallconst                     001000  000016  001016       800       0  SMALLCON
                intcode_body                   001016  000EB1  001EC7       80B       0  CODE    
                text0                          001EC8  0000AF  001F77       F64       0  CODE    
                text19                         001F78  00005A  001FD2       FBC       0  CODE    


UNUSED ADDRESS RANGES

        Name                Unused          Largest block    Delta
        BANK0            0000BE-0000FF               42
        BANK1            000100-0001FF              100
        BANK10           000A00-000AFF              100
        BANK11           000B00-000BFF              100
        BANK12           000C00-000CFF              100
        BANK13           000D00-000DFF              100
        BANK14           000E00-000EFF              100
        BANK15           000F00-000F7F               80
        BANK2            000200-0002FF              100
        BANK3            000300-0003FF              100
        BANK4            000400-0004FF              100
        BANK5            000500-0005FF              100
        BANK6            000600-0006FF              100
        BANK7            000700-0007FF              100
        BANK8            000800-0008FF              100
        BANK9            000900-0009FF              100
        BIGRAM           00006F-00007F               11
                         0000BE-000F7F              EC2
        BIGSFR           000F80-000FFF               80
        CODE             000004-000007                4
                         000012-000FFF              FEE
                         001EC7-001EC7                1
                         001F77-001F77                1
                         001FD2-00FFFF             E02E
        COMRAM           00006F-00007F               11
        CONST            000004-000007                4
                         000012-000FFF              FEE
                         001EC7-001EC7                1
                         001F77-001F77                1
                         001FD2-00FFFF             E02E
        EEDATA           F00000-F003FF              400
        IDLOC            200000-200007                8
        MEDIUMCONST      001EC7-001EC7                1
                         001F77-001F77                1
                         001FD2-00FFFF             E02E
        RAM              0000BE-000F7F              100
        SFR              000F80-000FFF               80
        SMALLCONST       001EC7-001EC7                1
                         001F77-001F77                1
                         001FD2-00FFFF              100

                                  Symbol Table

CCP_Compare_Mode_Set_Value@F3120             bssCOMRAM    000035
RB4_ISR@RB4_source                           cstackCOMRAM 000046
RB5_ISR@RB5_source                           cstackCOMRAM 000046
RB6_ISR@RB6_source                           cstackCOMRAM 000046
RB7_ISR@RB7_source                           cstackCOMRAM 000046
TIMER0_Init@_timer                           cstackCOMRAM 000059
TIMER0_Init@ret                              cstackCOMRAM 00005C
TIMER0_MODE_Select@_timer                    cstackCOMRAM 000057
TIMER0_Prescaler_config@_timer               cstackCOMRAM 000057
TIMER0_REGISTSER_SIZE_config@_timer          cstackCOMRAM 000057
_ADCON0bits                                  (abs)        000FC2
_ADCON1bits                                  (abs)        000FC1
_ADCON2bits                                  (abs)        000FC0
_ADC_ISR                                     text40       001FCA
_ADC_InterruptHandler                        bssCOMRAM    00003B
_ADRESH                                      (abs)        000FC4
_ADRESL                                      (abs)        000FC3
_BAUDCONbits                                 (abs)        000FB8
_CCP1CONbits                                 (abs)        000FBD
_CCP1_ISR                                    text39       001FC6
_CCP1_InterruptHandler                       bssCOMRAM    000039
_CCP2CONbits                                 (abs)        000FBA
_CCP2_ISR                                    text38       001FC2
_CCP2_InterruptHandler                       bssCOMRAM    000037
_CCPR1H                                      (abs)        000FBF
_CCPR1L                                      (abs)        000FBE
_CCPR2H                                      (abs)        000FBC
_CCPR2L                                      (abs)        000FBB
_EEADR                                       (abs)        000FA9
_EEADRH                                      (abs)        000FAA
_EECON1bits                                  (abs)        000FA6
_EECON2                                      (abs)        000FA7
_EEDATA                                      (abs)        000FA8
_EUSART_FramingError_InterruptHandler        bssCOMRAM    000009
_EUSART_OverRunError_InterruptHandler        bssCOMRAM    000007
_EUSART_RX_InterruptHandler                  bssCOMRAM    00000B
_EUSART_Rx_ISR                               text37       001FD0
_EUSART_TX_InterruptHandler                  bssCOMRAM    00000D
_EUSART_Tx_ISR                               text36       001FBE
_I2C_InterruptHandler                        bssCOMRAM    000003
_I2C_Report_Write_Collision_InterruptHandler bssCOMRAM    000005
_INT0_ISR                                    text35       001FBA
_INT0_InterruptHandler                       bssCOMRAM    000033
_INT1_ISR                                    text34       001FB6
_INT1_InterruptHandler                       bssCOMRAM    000031
_INT2_ISR                                    text33       001FB2
_INT2_InterruptHandler                       bssCOMRAM    00002F
_INTCON2bits                                 (abs)        000FF1
_INTCON3bits                                 (abs)        000FF0
_INTCONbits                                  (abs)        000FF2
_InterruptMangerHigh                         intcode      000008
_LATA                                        (abs)        000F89
_LATB                                        (abs)        000F8A
_LATC                                        (abs)        000F8B
_LATD                                        (abs)        000F8C
_LATE                                        (abs)        000F8D
_MSSP_I2C_BC_ISR                             text32       001FAE
_MSSP_I2C_ISR                                text31       001FAA
_PIE1bits                                    (abs)        000F9D
_PIE2bits                                    (abs)        000FA0
_PIR1bits                                    (abs)        000F9E
_PIR2bits                                    (abs)        000FA1
_PORTA                                       (abs)        000F80
_PORTB                                       (abs)        000F81
_PORTBbits                                   (abs)        000F81
_PORTC                                       (abs)        000F82
_PORTD                                       (abs)        000F83
_PORTE                                       (abs)        000F84
_RB4_FLAG                                    dataCOMRAM   00006B
_RB4_ISR                                     text30       001F38
_RB4_InterruptHandler_HIGH                   bssCOMRAM    00002D
_RB4_InterruptHandler_LOW                    bssCOMRAM    00002B
_RB5_FLAG                                    dataCOMRAM   00006A
_RB5_ISR                                     text29       001F1E
_RB5_InterruptHandler_HIGH                   bssCOMRAM    000029
_RB5_InterruptHandler_LOW                    bssCOMRAM    000027
_RB6_FLAG                                    dataCOMRAM   000069
_RB6_ISR                                     text28       001F04
_RB6_InterruptHandler_HIGH                   bssCOMRAM    000025
_RB6_InterruptHandler_LOW                    bssCOMRAM    000023
_RB7_FLAG                                    dataCOMRAM   000068
_RB7_ISR                                     text27       001EEA
_RB7_InterruptHandler_HIGH                   bssCOMRAM    000021
_RB7_InterruptHandler_LOW                    bssCOMRAM    00001F
_RCREG                                       (abs)        000FAE
_RCSTAbits                                   (abs)        000FAB
_SPBRG                                       (abs)        000FAF
_SPBRGH                                      (abs)        000FB0
_SPI_DefaultInterruptHandler                 bssCOMRAM    00001D
_SPI_ISR                                     text26       001FCE
_SSPADD                                      (abs)        000FC8
_SSPBUF                                      (abs)        000FC9
_SSPCON1bits                                 (abs)        000FC6
_SSPCON2bits                                 (abs)        000FC5
_SSPSTATbits                                 (abs)        000FC7
_T0CONbits                                   (abs)        000FD5
_T1CONbits                                   (abs)        000FCD
_T2CONbits                                   (abs)        000FCA
_T3CONbits                                   (abs)        000FB1
_TIMER0_ISR                                  text22       001E0E
_TIMER0_Init                                 text14       001996
_TIMER0_InterruptHandler                     bssCOMRAM    00001B
_TIMER0_MODE_Select                          text17       001AA4
_TIMER0_Prescaler_config                     text16       001D82
_TIMER0_REGISTSER_SIZE_config                text15       001DD4
_TIMER1_ISR                                  text21       001F84
_TIMER1_InterruptHandler                     bssCOMRAM    000017
_TIMER2_ISR                                  text20       001F9C
_TIMER2_InterruptHandler                     bssCOMRAM    000013
_TIMER3_ISR                                  text19       001F78
_TIMER3_InterruptHandler                     bssCOMRAM    000011
_TMR0H                                       (abs)        000FD7
_TMR0L                                       (abs)        000FD6
_TMR1H                                       (abs)        000FCF
_TMR1L                                       (abs)        000FCE
_TMR2                                        (abs)        000FCC
_TMR3H                                       (abs)        000FB3
_TMR3L                                       (abs)        000FB2
_TRISA                                       (abs)        000F92
_TRISB                                       (abs)        000F93
_TRISC                                       (abs)        000F94
_TRISCbits                                   (abs)        000F94
_TRISD                                       (abs)        000F95
_TRISE                                       (abs)        000F96
_TXREG                                       (abs)        000FAD
_TXSTAbits                                   (abs)        000FAC
__HRAM                                       (abs)        000000
__H__absolute__                              __absolute__ 000000
__Habs1                                      abs1         000000
__Hbank0                                     bank0        000000
__Hbank1                                     bank1        000000
__Hbank10                                    bank10       000000
__Hbank11                                    bank11       000000
__Hbank12                                    bank12       000000
__Hbank13                                    bank13       000000
__Hbank14                                    bank14       000000
__Hbank15                                    bank15       000000
__Hbank2                                     bank2        000000
__Hbank3                                     bank3        000000
__Hbank4                                     bank4        000000
__Hbank5                                     bank5        000000
__Hbank6                                     bank6        000000
__Hbank7                                     bank7        000000
__Hbank8                                     bank8        000000
__Hbank9                                     bank9        000000
__Hbigbss                                    bigbss       000000
__Hbigdata                                   bigdata      000000
__Hbigram                                    bigram       000000
__Hbigsfr                                    bigsfr       000000
__Hbss                                       bss          000000
__HbssBANK0                                  bssBANK0     000000
__HbssCOMRAM                                 bssCOMRAM    000000
__Hcinit                                     cinit        000000
__Hclrtext                                   clrtext      000000
__Hcomram                                    comram       000000
__Hconfig                                    config       30000E
__Hconst                                     const        000000
__HcstackBANK0                               cstackBANK0  000000
__HcstackCOMRAM                              cstackCOMRAM 000000
__Hdata                                      data         000000
__HdataBANK0                                 dataBANK0    000000
__HdataCOMRAM                                dataCOMRAM   000000
__Heeprom_data                               eeprom_data  000000
__Hfarbss                                    farbss       000000
__Hfardata                                   fardata      000000
__Hheap                                      heap         000000
__Hibigdata                                  ibigdata     000000
__Hidata                                     idata        000000
__HidataBANK0                                idataBANK0   000000
__HidataCOMRAM                               idataCOMRAM  000000
__Hidloc                                     idloc        000000
__Hifardata                                  ifardata     000000
__Hinit                                      init         000012
__Hintcode                                   intcode      00000E
__Hintcode_body                              intcode_body 000000
__Hintcodelo                                 intcodelo    00000E
__Hintentry                                  intentry     000000
__Hintret                                    intret       000000
__Hintsave_regs                              intsave_regs 000000
__Hirdata                                    irdata       000000
__Hmediumconst                               mediumconst  000000
__HnvCOMRAM                                  nvCOMRAM     000000
__HnvFARRAM                                  nvFARRAM     000000
__Hnvbit                                     nvbit        000000
__Hnvrram                                    nvrram       000000
__Hparam                                     rparam       000000
__Hpowerup                                   powerup      00000E
__Hram                                       ram          000000
__Hramtop                                    ramtop       001000
__Hrbit                                      rbit         000000
__Hrbss                                      rbss         000000
__Hrdata                                     rdata        000000
__Hreset_vec                                 reset_vec    000004
__Hrparam                                    rparam       000000
__Hsfr                                       sfr          000000
__Hsivt_hi                                   sivt_hi      000000
__Hsivt_lo                                   sivt_lo      000000
__Hsmallconst                                smallconst   001016
__Hspace_0                                   (abs)        001FD2
__Hspace_1                                   (abs)        0000BE
__Hspace_2                                   (abs)        000000
__Hspace_4                                   (abs)        60000E
__Hstack                                     stack        000000
__Hstruct                                    struct       000000
__Htemp                                      temp         00006F
__Htext                                      text         000000
__Htext0                                     text0        000000
__Htext1                                     text1        000000
__Htext10                                    text10       000000
__Htext11                                    text11       000000
__Htext12                                    text12       000000
__Htext13                                    text13       000000
__Htext14                                    text14       000000
__Htext15                                    text15       000000
__Htext16                                    text16       000000
__Htext17                                    text17       000000
__Htext19                                    text19       000000
__Htext2                                     text2        000000
__Htext20                                    text20       000000
__Htext21                                    text21       000000
__Htext22                                    text22       000000
__Htext23                                    text23       000000
__Htext24                                    text24       000000
__Htext25                                    text25       000000
__Htext26                                    text26       000000
__Htext27                                    text27       000000
__Htext28                                    text28       000000
__Htext29                                    text29       000000
__Htext3                                     text3        000000
__Htext30                                    text30       000000
__Htext31                                    text31       000000
__Htext32                                    text32       000000
__Htext33                                    text33       000000
__Htext34                                    text34       000000
__Htext35                                    text35       000000
__Htext36                                    text36       000000
__Htext37                                    text37       000000
__Htext38                                    text38       000000
__Htext39                                    text39       000000
__Htext4                                     text4        000000
__Htext40                                    text40       000000
__Htext5                                     text5        000000
__Htext6                                     text6        000000
__Htext7                                     text7        000000
__Htext8                                     text8        000000
__Htext9                                     text9        000000
__LRAM                                       (abs)        000001
__L__absolute__                              __absolute__ 000000
__Labs1                                      abs1         000000
__Lbank0                                     bank0        000000
__Lbank1                                     bank1        000000
__Lbank10                                    bank10       000000
__Lbank11                                    bank11       000000
__Lbank12                                    bank12       000000
__Lbank13                                    bank13       000000
__Lbank14                                    bank14       000000
__Lbank15                                    bank15       000000
__Lbank2                                     bank2        000000
__Lbank3                                     bank3        000000
__Lbank4                                     bank4        000000
__Lbank5                                     bank5        000000
__Lbank6                                     bank6        000000
__Lbank7                                     bank7        000000
__Lbank8                                     bank8        000000
__Lbank9                                     bank9        000000
__Lbigbss                                    bigbss       000000
__Lbigdata                                   bigdata      000000
__Lbigram                                    bigram       000000
__Lbigsfr                                    bigsfr       000000
__Lbss                                       bss          000000
__LbssBANK0                                  bssBANK0     000000
__LbssCOMRAM                                 bssCOMRAM    000000
__Lcinit                                     cinit        000000
__Lclrtext                                   clrtext      000000
__Lcomram                                    comram       000000
__Lconfig                                    config       000000
__Lconst                                     const        000000
__LcstackBANK0                               cstackBANK0  000000
__LcstackCOMRAM                              cstackCOMRAM 000000
__Ldata                                      data         000000
__LdataBANK0                                 dataBANK0    000000
__LdataCOMRAM                                dataCOMRAM   000000
__Leeprom_data                               eeprom_data  000000
__Lfarbss                                    farbss       000000
__Lfardata                                   fardata      000000
__Lheap                                      heap         000000
__Libigdata                                  ibigdata     000000
__Lidata                                     idata        000000
__LidataBANK0                                idataBANK0   000000
__LidataCOMRAM                               idataCOMRAM  000000
__Lidloc                                     idloc        000000
__Lifardata                                  ifardata     000000
__Linit                                      init         00000E
__Lintcode                                   intcode      000008
__Lintcode_body                              intcode_body 000000
__Lintcodelo                                 intcodelo    00000E
__Lintentry                                  intentry     000000
__Lintret                                    intret       000000
__Lintsave_regs                              intsave_regs 000000
__Lirdata                                    irdata       000000
__Lmediumconst                               mediumconst  000000
__LnvCOMRAM                                  nvCOMRAM     000000
__LnvFARRAM                                  nvFARRAM     000000
__Lnvbit                                     nvbit        000000
__Lnvrram                                    nvrram       000000
__Lparam                                     rparam       000000
__Lpowerup                                   powerup      00000E
__Lram                                       ram          000000
__Lramtop                                    ramtop       001000
__Lrbit                                      rbit         000000
__Lrbss                                      rbss         000000
__Lrdata                                     rdata        000000
__Lreset_vec                                 reset_vec    000000
__Lrparam                                    rparam       000000
__Lsfr                                       sfr          000000
__Lsivt_hi                                   sivt_hi      000000
__Lsivt_lo                                   sivt_lo      000000
__Lsmallconst                                smallconst   001000
__Lspace_0                                   (abs)        000000
__Lspace_1                                   (abs)        000000
__Lspace_2                                   (abs)        000000
__Lspace_4                                   (abs)        000000
__Lstack                                     stack        000000
__Lstruct                                    struct       000000
__Ltemp                                      temp         00006E
__Ltext                                      text         000000
__Ltext0                                     text0        000000
__Ltext1                                     text1        000000
__Ltext10                                    text10       000000
__Ltext11                                    text11       000000
__Ltext12                                    text12       000000
__Ltext13                                    text13       000000
__Ltext14                                    text14       000000
__Ltext15                                    text15       000000
__Ltext16                                    text16       000000
__Ltext17                                    text17       000000
__Ltext19                                    text19       000000
__Ltext2                                     text2        000000
__Ltext20                                    text20       000000
__Ltext21                                    text21       000000
__Ltext22                                    text22       000000
__Ltext23                                    text23       000000
__Ltext24                                    text24       000000
__Ltext25                                    text25       000000
__Ltext26                                    text26       000000
__Ltext27                                    text27       000000
__Ltext28                                    text28       000000
__Ltext29                                    text29       000000
__Ltext3                                     text3        000000
__Ltext30                                    text30       000000
__Ltext31                                    text31       000000
__Ltext32                                    text32       000000
__Ltext33                                    text33       000000
__Ltext34                                    text34       000000
__Ltext35                                    text35       000000
__Ltext36                                    text36       000000
__Ltext37                                    text37       000000
__Ltext38                                    text38       000000
__Ltext39                                    text39       000000
__Ltext4                                     text4        000000
__Ltext40                                    text40       000000
__Ltext5                                     text5        000000
__Ltext6                                     text6        000000
__Ltext7                                     text7        000000
__Ltext8                                     text8        000000
__Ltext9                                     text9        000000
__S0                                         (abs)        001FD2
__S1                                         (abs)        0000BE
__S4                                         (abs)        000000
__S5                                         (abs)        000000
___heap_hi                                   (abs)        000000
___heap_lo                                   (abs)        000000
___inthi_sp                                  stack        000000
___inthi_stack_hi                            stack        000000
___inthi_stack_lo                            stack        000000
___intlo_sp                                  stack        000000
___intlo_stack_hi                            stack        000000
___intlo_stack_lo                            stack        000000
___param_bank                                (abs)        000000
___rparam_used                               (abs)        000001
___sp                                        stack        000000
___stack_hi                                  stack        000000
___stack_lo                                  stack        000000
__accesstop                                  (abs)        000080
__activetblptr                               (abs)        000003
__end_of_ADC_ISR                             text40       001FCE
__end_of_CCP1_ISR                            text39       001FCA
__end_of_CCP2_ISR                            text38       001FC6
__end_of_EUSART_Rx_ISR                       text37       001FD2
__end_of_EUSART_Tx_ISR                       text36       001FC2
__end_of_INT0_ISR                            text35       001FBE
__end_of_INT1_ISR                            text34       001FBA
__end_of_INT2_ISR                            text33       001FB6
__end_of_InterruptMangerHigh                 intcode_body 00144C
__end_of_MSSP_I2C_BC_ISR                     text32       001FB2
__end_of_MSSP_I2C_ISR                        text31       001FAE
__end_of_RB4_ISR                             text30       001F52
__end_of_RB5_ISR                             text29       001F38
__end_of_RB6_ISR                             text28       001F1E
__end_of_RB7_ISR                             text27       001F04
__end_of_SPI_ISR                             text26       001FD0
__end_of_TIMER0_ISR                          text22       001E44
__end_of_TIMER0_Init                         text14       001A24
__end_of_TIMER0_MODE_Select                  text17       001B1A
__end_of_TIMER0_Prescaler_config             text16       001DD4
__end_of_TIMER0_REGISTSER_SIZE_config        text15       001E0E
__end_of_TIMER1_ISR                          text21       001F90
__end_of_TIMER2_ISR                          text20       001FA4
__end_of_TIMER3_ISR                          text19       001F84
__end_of__initialization                     cinit        001CBA
__end_of_default_interrupt_handler           text23       001F9C
__end_of_ecu_layer_intialize                 text3        001F68
__end_of_gpio_pin_direction_intialize        text13       001672
__end_of_gpio_pin_intialize                  text11       001D28
__end_of_gpio_pin_write_logic                text12       001560
__end_of_intialization_fun                   text2        001FAA
__end_of_keybad_val                          smallconst   001011
__end_of_lcd_4bit_intialize                  text7        001996
__end_of_lcd_4bit_send_comand                text8        001C60
__end_of_lcd_8bit_intialize                  text4        00188C
__end_of_lcd_8bit_send_comand                text5        001AA4
__end_of_lcd_send_4_bits                     text10       001D82
__end_of_lcd_send_4_bits_enable_signal       text9        001E9C
__end_of_lcd_send_8_bits_enable_signal       text6        001E70
__end_of_led_intialization                   text1        001B8E
__end_of_led_turn_on                         text24       001BF8
__end_of_main                                text0        001EEA
__end_ofi2_gpio_pin_write_logic              text25       001782
__initialization                             cinit        001C60
__mediumconst                                mediumconst  000000
__pbssBANK0                                  bssBANK0     0000B8
__pbssCOMRAM                                 bssCOMRAM    000001
__pcinit                                     cinit        001C60
__pcstackBANK0                               cstackBANK0  0000AB
__pcstackCOMRAM                              cstackCOMRAM 000046
__pdataBANK0                                 dataBANK0    000080
__pdataCOMRAM                                dataCOMRAM   00005E
__pidataBANK0                                idataBANK0   001E9C
__pidataCOMRAM                               idataCOMRAM  001F68
__pintcode                                   intcode      000008
__pintcode_body                              intcode_body 001016
__pnvCOMRAM                                  nvCOMRAM     00006D
__psmallconst                                smallconst   001000
__ptext0                                     text0        001EC8
__ptext1                                     text1        001B1A
__ptext10                                    text10       001D28
__ptext11                                    text11       001CC4
__ptext12                                    text12       00144C
__ptext13                                    text13       001560
__ptext14                                    text14       001996
__ptext15                                    text15       001DD4
__ptext16                                    text16       001D82
__ptext17                                    text17       001AA4
__ptext19                                    text19       001F78
__ptext2                                     text2        001FA4
__ptext20                                    text20       001F9C
__ptext21                                    text21       001F84
__ptext22                                    text22       001E0E
__ptext23                                    text23       001F90
__ptext24                                    text24       001B8E
__ptext25                                    text25       001672
__ptext26                                    text26       001FCE
__ptext27                                    text27       001EEA
__ptext28                                    text28       001F04
__ptext29                                    text29       001F1E
__ptext3                                     text3        001F52
__ptext30                                    text30       001F38
__ptext31                                    text31       001FAA
__ptext32                                    text32       001FAE
__ptext33                                    text33       001FB2
__ptext34                                    text34       001FB6
__ptext35                                    text35       001FBA
__ptext36                                    text36       001FBE
__ptext37                                    text37       001FD0
__ptext38                                    text38       001FC2
__ptext39                                    text39       001FC6
__ptext4                                     text4        001782
__ptext40                                    text40       001FCA
__ptext5                                     text5        001A24
__ptext6                                     text6        001E44
__ptext7                                     text7        00188C
__ptext8                                     text8        001BF8
__ptext9                                     text9        001E70
__ramtop                                     ramtop       001000
__smallconst                                 smallconst   001000
_default_interrupt_handler                   text23       001F90
_ecu_layer_intialize                         text3        001F52
_gpio_pin_direction_intialize                text13       001560
_gpio_pin_intialize                          text11       001CC4
_gpio_pin_write_logic                        text12       00144C
_green_counter                               bssCOMRAM    00003D
_intialization_fun                           text2        001FA4
_keybad_val                                  smallconst   001001
_lat_register                                dataCOMRAM   00005E
_lcd_1                                       dataBANK0    0000A5
_lcd_2                                       dataBANK0    000094
_lcd_4bit_intialize                          text7        00188C
_lcd_4bit_send_comand                        text8        001BF8
_lcd_8bit_intialize                          text4        001782
_lcd_8bit_send_comand                        text5        001A24
_lcd_send_4_bits                             text10       001D28
_lcd_send_4_bits_enable_signal               text9        001E70
_lcd_send_8_bits_enable_signal               text6        001E44
_led1                                        dataCOMRAM   00006C
_led_intialization                           text1        001B1A
_led_turn_on                                 text24       001B8E
_main                                        text0        001EC8
_port_register                               dataBANK0    000080
_ret                                         nvCOMRAM     00006D
_timer0_preload                              bssCOMRAM    000019
_timer1_preload                              bssCOMRAM    000015
_timer2_preload                              bssCOMRAM    00003E
_timer3_preload                              bssCOMRAM    00000F
_timer_obj                                   dataBANK0    00009E
_tris_register                               dataBANK0    00008A
btemp                                        temp         00006E
end_of_initialization                        cinit        001CBA
gpio_pin_direction_intialize@pin_config      cstackCOMRAM 000057
gpio_pin_direction_intialize@ret             cstackCOMRAM 00005D
gpio_pin_intialize@pin_config                cstackBANK0  0000AC
gpio_pin_intialize@ret                       cstackBANK0  0000AE
gpio_pin_write_logic@logic                   cstackCOMRAM 000058
gpio_pin_write_logic@pin_config              cstackCOMRAM 000057
gpio_pin_write_logic@ret                     cstackBANK0  0000AB
i2_gpio_pin_write_logic                      text25       001672
i2gpio_pin_write_logic@logic                 cstackCOMRAM 000047
i2gpio_pin_write_logic@pin_config            cstackCOMRAM 000046
i2gpio_pin_write_logic@ret                   cstackCOMRAM 00004D
int$flags                                    temp         00006E
int_func                                     intcode_body 001016
intlevel0                                    text         000000
intlevel1                                    text         000000
intlevel2                                    text         000000
intlevel3                                    text         000000
isa$std                                      (abs)        000001
isa$xinst                                    (abs)        000000
lcd_4bit_intialize@l_data_pin_counter        cstackBANK0  0000B4
lcd_4bit_intialize@lcd                       cstackBANK0  0000B2
lcd_4bit_intialize@ret                       cstackBANK0  0000B5
lcd_4bit_send_comand@command                 cstackBANK0  0000B0
lcd_4bit_send_comand@lcd                     cstackBANK0  0000AF
lcd_4bit_send_comand@ret                     cstackBANK0  0000B1
lcd_8bit_intialize@l_data_pin_counter        cstackBANK0  0000B6
lcd_8bit_intialize@lcd                       cstackBANK0  0000B4
lcd_8bit_intialize@ret                       cstackBANK0  0000B7
lcd_8bit_send_comand@command                 cstackBANK0  0000AF
lcd_8bit_send_comand@l_pin_counter           cstackBANK0  0000B3
lcd_8bit_send_comand@lcd                     cstackBANK0  0000AE
lcd_8bit_send_comand@ret                     cstackBANK0  0000B2
lcd_send_4_bits@_data_command                cstackBANK0  0000AD
lcd_send_4_bits@lcd                          cstackBANK0  0000AC
lcd_send_4_bits@ret                          cstackBANK0  0000AE
lcd_send_4_bits_enable_signal@lcd            cstackBANK0  0000AC
lcd_send_4_bits_enable_signal@ret            cstackBANK0  0000AD
lcd_send_8_bits_enable_signal@lcd            cstackBANK0  0000AC
lcd_send_8_bits_enable_signal@ret            cstackBANK0  0000AD
led_intialization@F3062                      bssCOMRAM    000045
led_intialization@LED                        cstackBANK0  0000AF
led_intialization@pin_obj                    cstackBANK0  0000B2
led_intialization@ret                        cstackBANK0  0000B1
led_toggle@F3077                             bssCOMRAM    000042
led_turn_off@F3072                           bssCOMRAM    000043
led_turn_on@F3067                            bssCOMRAM    000044
led_turn_on@LED                              cstackCOMRAM 00004E
led_turn_on@pin_obj                          cstackCOMRAM 000050
relay_intialization@F3056                    bssCOMRAM    000041
relay_turn_off@F3066                         bssCOMRAM    00003F
relay_turn_on@F3061                          bssCOMRAM    000040
stackhi                                      (abs)        000000
stacklo                                      (abs)        000000
start                                        init         00000E
start_initialization                         cinit        001C60
ttemp5                                       temp         00006F
ttemp6                                       temp         000072
ttemp7                                       temp         000076
wtemp8                                       temp         00006F


MODULE INFORMATION

Module		Function		Class		Link	Load	Size
MCAL_layer/Interrupt/mcal_interrupt_manager.c
		_InterruptMangerHigh		CODE           	0008	0000	1084

MCAL_layer/Interrupt/mcal_interrupt_manager.c estimated size: 1084

MCAL_layer/Interrupt/mcal_external_interrupt.c
		_RB4_ISR       		CODE           	1F38	0000	26
		_RB5_ISR       		CODE           	1F1E	0000	26
		_RB6_ISR       		CODE           	1F04	0000	26
		_RB7_ISR       		CODE           	1EEA	0000	26
		_INT0_ISR      		CODE           	1FBA	0000	4
		_INT1_ISR      		CODE           	1FB6	0000	4
		_INT2_ISR      		CODE           	1FB2	0000	4

MCAL_layer/Interrupt/mcal_external_interrupt.c estimated size: 116

ECU_layer/ecu_inti.c
		_ecu_layer_intialize		CODE           	1F52	0000	22

ECU_layer/ecu_inti.c estimated size: 22

MCAL_layer/GPIO/hal_gpio.c
		_gpio_pin_write_logic		CODE           	144C	0000	276
		_gpio_pin_intialize		CODE           	1CC4	0000	100
		_gpio_pin_direction_intialize		CODE           	1560	0000	274

MCAL_layer/GPIO/hal_gpio.c estimated size: 650

MCAL_layer/TIMER3/hal_timer3.c
		_TIMER3_ISR    		CODE           	1F78	0000	12

MCAL_layer/TIMER3/hal_timer3.c estimated size: 12

MCAL_layer/TIMER2/hal_timer2.c
		_TIMER2_ISR    		CODE           	1F9C	0000	8

MCAL_layer/TIMER2/hal_timer2.c estimated size: 8

MCAL_layer/CCP1/hal_ccp1.c
		_CCP1_ISR      		CODE           	1FC6	0000	4
		_CCP2_ISR      		CODE           	1FC2	0000	4

MCAL_layer/CCP1/hal_ccp1.c estimated size: 8

MCAL_layer/TIMER/hal_timer0.c
		_TIMER0_REGISTSER_SIZE_config		CODE           	1DD4	0000	58
		_TIMER0_MODE_Select		CODE           	1AA4	0000	118
		_TIMER0_ISR    		CODE           	1E0E	0000	54
		_TIMER0_Init   		CODE           	1996	0000	142
		_TIMER0_Prescaler_config		CODE           	1D82	0000	82

MCAL_layer/TIMER/hal_timer0.c estimated size: 454

MCAL_layer/SPI/hal_spi.c
		_SPI_ISR       		CODE           	1FCE	0000	2

MCAL_layer/SPI/hal_spi.c estimated size: 2

MCAL_layer/I2C/hal_i2c.c
		_MSSP_I2C_ISR  		CODE           	1FAA	0000	4
		_MSSP_I2C_BC_ISR		CODE           	1FAE	0000	4

MCAL_layer/I2C/hal_i2c.c estimated size: 8

MCAL_layer/TIMER1/hal_timer1.c
		_TIMER1_ISR    		CODE           	1F84	0000	12

MCAL_layer/TIMER1/hal_timer1.c estimated size: 12

ECU_layer/Chr_LCD/ecu_chr_lcd.c
		_lcd_8bit_intialize		CODE           	1782	0000	266
		_lcd_8bit_send_comand		CODE           	1A24	0000	128
		_lcd_4bit_intialize		CODE           	188C	0000	266
		_lcd_4bit_send_comand		CODE           	1BF8	0000	104
		_lcd_send_4_bits		CODE           	1D28	0000	90
		_lcd_send_4_bits_enable_signal		CODE           	1E70	0000	44
		_lcd_send_8_bits_enable_signal		CODE           	1E44	0000	44

ECU_layer/Chr_LCD/ecu_chr_lcd.c estimated size: 942

MCAL_layer/ADC/hal_adc.c
		_ADC_ISR       		CODE           	1FCA	0000	4

MCAL_layer/ADC/hal_adc.c estimated size: 4

shared
		_keybad_val    		SMALLCONST     	1001	0000	16
		__initialization		CODE           	1C60	0000	90
		i2_gpio_pin_write_logic		CODE           	1672	0000	272

shared estimated size: 378

ECU_layer/LED/ecu_led.c
		_led_turn_on   		CODE           	1B8E	0000	106
		_led_intialization		CODE           	1B1A	0000	116

ECU_layer/LED/ecu_led.c estimated size: 222

application.c
		_intialization_fun		CODE           	1FA4	0000	6
		_default_interrupt_handler		CODE           	1F90	0000	12
		_main          		CODE           	1EC8	0000	34

application.c estimated size: 52

MCAL_layer/USART/hal_usart.c
		_EUSART_Rx_ISR 		CODE           	1FD0	0000	2
		_EUSART_Tx_ISR 		CODE           	1FBE	0000	4

MCAL_layer/USART/hal_usart.c estimated size: 6

