Microchip MPLAB XC8 Compiler V2.46

Linker command line:

-W-3 \
  --edf=C:\Program Files\Microchip\xc8\v2.46\pic\dat\20240104201356_en.msgs \
  -cn -h+dist/default/production\SmartHome.X.production.sym \
  --cmf=dist/default/production\SmartHome.X.production.cmf -z -Q18F46K20 \
  -oC:\Users\LENOVO\AppData\Local\Temp\xcAs540.\driver_tmp_3.o \
  --defsym=__MPLAB_BUILD=1 --fixupoverflow=error \
  -Mdist/default/production/SmartHome.X.production.map \
  --md=C:\Users\LENOVO\AppData\Local\Temp\xcAs540.\driver_tmp_0.dat -E1 \
  -ver=XC8 Compiler --acfsm=1493 -ACODE=00h-0FFFFh -ACONST=00h-0FFFFh \
  -ASMALLCONST=01000h-010FFhx240 -AMEDIUMCONST=01000h-0FFFFh \
  -ACOMRAM=01h-05Fh -AABS1=00h-0F5Fh -ABIGRAM=01h-0F5Fh \
  -ARAM=060h-0FFh,0100h-01FFhx14,0F00h-0F5Fh -ABANK0=060h-0FFh \
  -ABANK1=0100h-01FFh -ABANK2=0200h-02FFh -ABANK3=0300h-03FFh \
  -ABANK4=0400h-04FFh -ABANK5=0500h-05FFh -ABANK6=0600h-06FFh \
  -ABANK7=0700h-07FFh -ABANK8=0800h-08FFh -ABANK9=0900h-09FFh \
  -ABANK10=0A00h-0AFFh -ABANK11=0B00h-0BFFh -ABANK12=0C00h-0CFFh \
  -ABANK13=0D00h-0DFFh -ABANK14=0E00h-0EFFh -ABANK15=0F00h-0F5Fh \
  -ASFR=0F60h-0FFFh -ABIGSFR=0F60h-0FFFh -ACONFIG=0300000h-030000Dh \
  -AIDLOC=0200000h-0200007h -AEEDATA=0F00000h-0F003FFh -peeprom_data=EEDATA \
  -preset_vec=00h,intcode=8h,intcodelo,powerup,init -pramtop=01000h \
  -psmallconst=SMALLCONST -pmediumconst=MEDIUMCONST -pconst=CONST \
  -AFARRAM=00h-00h \
  -prdata=COMRAM,nvrram=COMRAM,nvbit=COMRAM,rbss=COMRAM,rbit=COMRAM \
  -pfarbss=FARRAM,fardata=FARRAM,nvFARRAM=FARRAM \
  -pintsave_regs=BIGRAM,bigbss=BIGRAM,bigdata=BIGRAM -pbss=RAM \
  -pidata=CODE,irdata=CODE,ibigdata=CODE,ifardata=CODE -prparam=COMRAM \
  C:\Users\LENOVO\AppData\Local\Temp\xcAs540.\driver_tmp_9.o \
  dist/default/production\SmartHome.X.production.o 

Object code version is 3.11

Machine type is 18F46K20



                Name                               Link     Load   Length Selector   Space Scale
C:\Users\LENOVO\AppData\Local\Temp\xcAs540.\driver_tmp_9.o
                config                           300000   300000        E        0       4
                init                                 B6       B6        4        4       0
                reset_vec                             0        0        4        0       0
dist/default/production\SmartHome.X.production.o
                intcode                               8        8       AE        4       0
                config                           300000   300000        E        0       4
                temp                                 46       46        1        1       1
                smallconst                         1000     1000       3A      800       0
                text72                             1BD8     1BD8        4      81D       0
                text71                             1BD4     1BD4        4      81D       0
                text70                             1986     1986       24      81D       0
                text69                             16C4     16C4       66      81D       0
                text68                             1A66     1A66       18      81D       0
                text67                             1936     1936       2C      81D       0
                text66                             190A     190A       2C      81D       0
                text65                             18DE     18DE       2C      81D       0
                text64                             18B2     18B2       2C      81D       0
                text63                             1810     1810       42      81D       0
                text62                             1BD0     1BD0        4      81D       0
                text61                             1BCC     1BCC        4      81D       0
                text60                             1BC8     1BC8        4      81D       0
                text59                             1BA2     1BA2        6      81D       0
                text58                             1BC4     1BC4        4      81D       0
                text57                             1B9C     1B9C        6      81D       0
                text56                             1B8E     1B8E        8      81D       0
                text55                             1ABE     1ABE       14      81D       0
                text54                             1BC0     1BC0        4      81D       0
                text53                             142E     142E       7C      81D       0
                text52                             1B08     1B08        C      81D       0
                text51                             1AD2     1AD2       10      81D       0
                text50                             1AE2     1AE2        E      81D       0
                text49                             103A     103A       C4      81D       0
                text48                             1268     1268       A6      81D       0
                text47                             1AFC     1AFC        C      81D       0
                text46                             1B86     1B86        8      81D       0
                text45                             1B7E     1B7E        8      81D       0
                text44                             1B76     1B76        8      81D       0
                text43                             1B6E     1B6E        8      81D       0
                text42                             1B66     1B66        8      81D       0
                text41                             1B5E     1B5E        8      81D       0
                text40                             1B56     1B56        8      81D       0
                text39                             1AF0     1AF0        C      81D       0
                text38                             165E     165E       66      81D       0
                text37                             1BBC     1BBC        4      81D       0
                text36                             151E     151E       6E      81D       0
                text35                             1B96     1B96        6      81D       0
                text33                             1BB8     1BB8        4      81D       0
                text32                             1BB4     1BB4        4      81D       0
                text31                             1BB0     1BB0        4      81D       0
                text30                             1884     1884       2E      81D       0
                text29                             1BAC     1BAC        4      81D       0
                text28                             17CC     17CC       44      81D       0
                text27                             1B4E     1B4E        8      81D       0
                text26                             1BA8     1BA8        4      81D       0
                text25                             19CC     19CC       22      81D       0
                text24                             1B3C     1B3C        A      81D       0
                text23                             130E     130E       A2      81D       0
                text22                             158C     158C       6A      81D       0
                text21                             1A4E     1A4E       18      81D       0
                text20                             1962     1962       24      81D       0
                text19                             1A36     1A36       18      81D       0
                text18                             13B0     13B0       7E      81D       0
                text17                             1A1E     1A1E       18      81D       0
                text16                             14AA     14AA       74      81D       0
                text15                             1A94     1A94       16      81D       0
                text14                             1A06     1A06       18      81D       0
                text13                             172A     172A       5E      81D       0
                text12                             11C0     11C0       A8      81D       0
                text11                             15F6     15F6       68      81D       0
                text10                             1B32     1B32        A      81D       0
                text9                              1B28     1B28        A      81D       0
                text8                              1B1E     1B1E        A      81D       0
                text7                              1788     1788       44      81D       0
                text6                              1AAA     1AAA       14      81D       0
                text5                              1B46     1B46        8      81D       0
                text4                              1B14     1B14        A      81D       0
                text3                              1852     1852       32      81D       0
                text2                              1A7E     1A7E       16      81D       0
                text1                              19EE     19EE       18      81D       0
                text0                              10FE     10FE       C2      81D       0
                cstackCOMRAM                         25       25       1B        1       1
                cstackBANK0                          84       84       14       60       1
                bssBANK0                             60       60       24       60       1
                bssCOMRAM                             1        1       24        1       1
                cinit                              19AA     19AA       22      81D       0
                nvCOMRAM                             40       40        6        1       1

TOTAL           Name                               Link     Load   Length     Space
        CLASS   CODE           
                intcode                               8        8       AE         0
                init                                 B6       B6        4         0
                reset_vec                             0        0        4         0
                text72                             1BD8     1BD8        4         0
                text71                             1BD4     1BD4        4         0
                text70                             1986     1986       24         0
                text69                             16C4     16C4       66         0
                text68                             1A66     1A66       18         0
                text67                             1936     1936       2C         0
                text66                             190A     190A       2C         0
                text65                             18DE     18DE       2C         0
                text64                             18B2     18B2       2C         0
                text63                             1810     1810       42         0
                text62                             1BD0     1BD0        4         0
                text61                             1BCC     1BCC        4         0
                text60                             1BC8     1BC8        4         0
                text59                             1BA2     1BA2        6         0
                text58                             1BC4     1BC4        4         0
                text57                             1B9C     1B9C        6         0
                text56                             1B8E     1B8E        8         0
                text55                             1ABE     1ABE       14         0
                text54                             1BC0     1BC0        4         0
                text53                             142E     142E       7C         0
                text52                             1B08     1B08        C         0
                text51                             1AD2     1AD2       10         0
                text50                             1AE2     1AE2        E         0
                text49                             103A     103A       C4         0
                text48                             1268     1268       A6         0
                text47                             1AFC     1AFC        C         0
                text46                             1B86     1B86        8         0
                text45                             1B7E     1B7E        8         0
                text44                             1B76     1B76        8         0
                text43                             1B6E     1B6E        8         0
                text42                             1B66     1B66        8         0
                text41                             1B5E     1B5E        8         0
                text40                             1B56     1B56        8         0
                text39                             1AF0     1AF0        C         0
                text38                             165E     165E       66         0
                text37                             1BBC     1BBC        4         0
                text36                             151E     151E       6E         0
                text35                             1B96     1B96        6         0
                text33                             1BB8     1BB8        4         0
                text32                             1BB4     1BB4        4         0
                text31                             1BB0     1BB0        4         0
                text30                             1884     1884       2E         0
                text29                             1BAC     1BAC        4         0
                text28                             17CC     17CC       44         0
                text27                             1B4E     1B4E        8         0
                text26                             1BA8     1BA8        4         0
                text25                             19CC     19CC       22         0
                text24                             1B3C     1B3C        A         0
                text23                             130E     130E       A2         0
                text22                             158C     158C       6A         0
                text21                             1A4E     1A4E       18         0
                text20                             1962     1962       24         0
                text19                             1A36     1A36       18         0
                text18                             13B0     13B0       7E         0
                text17                             1A1E     1A1E       18         0
                text16                             14AA     14AA       74         0
                text15                             1A94     1A94       16         0
                text14                             1A06     1A06       18         0
                text13                             172A     172A       5E         0
                text12                             11C0     11C0       A8         0
                text11                             15F6     15F6       68         0
                text10                             1B32     1B32        A         0
                text9                              1B28     1B28        A         0
                text8                              1B1E     1B1E        A         0
                text7                              1788     1788       44         0
                text6                              1AAA     1AAA       14         0
                text5                              1B46     1B46        8         0
                text4                              1B14     1B14        A         0
                text3                              1852     1852       32         0
                text2                              1A7E     1A7E       16         0
                text1                              19EE     19EE       18         0
                text0                              10FE     10FE       C2         0
                cinit                              19AA     19AA       22         0

        CLASS   CONST          

        CLASS   SMALLCONST     
                smallconst                         1000     1000       3A         0

        CLASS   MEDIUMCONST    

        CLASS   COMRAM         
                temp                                 46       46        1         1
                cstackCOMRAM                         25       25       1B         1
                bssCOMRAM                             1        1       24         1
                nvCOMRAM                             40       40        6         1

        CLASS   ABS1           

        CLASS   BIGRAM         

        CLASS   RAM            

        CLASS   BANK0          
                cstackBANK0                          84       84       14         1
                bssBANK0                             60       60       24         1

        CLASS   BANK1          

        CLASS   BANK2          

        CLASS   BANK3          

        CLASS   BANK4          

        CLASS   BANK5          

        CLASS   BANK6          

        CLASS   BANK7          

        CLASS   BANK8          

        CLASS   BANK9          

        CLASS   BANK10         

        CLASS   BANK11         

        CLASS   BANK12         

        CLASS   BANK13         

        CLASS   BANK14         

        CLASS   BANK15         

        CLASS   SFR            

        CLASS   BIGSFR         

        CLASS   CONFIG         
                config                           300000   300000        E         4

        CLASS   IDLOC          

        CLASS   EEDATA         

        CLASS   FARRAM         

        CLASS   HEAP           

        CLASS   STACK          



SEGMENTS        Name                           Load    Length   Top    Selector   Space  Class

                reset_vec                      000000  000004  000004         0       0  CODE    
                bssCOMRAM                      000001  000046  000047         1       1  COMRAM  
                intcode                        000008  0000B2  0000BA         4       0  CODE    
                bssBANK0                       000060  000038  000098        60       1  BANK0   
                smallconst                     001000  00003A  00103A       800       0  SMALLCON
                text49                         00103A  000BA2  001BDC       81D       0  CODE    


UNUSED ADDRESS RANGES

        Name                Unused          Largest block    Delta
        BANK0            000098-0000FF               68
        BANK1            000100-0001FF              100
        BANK10           000A00-000AFF              100
        BANK11           000B00-000BFF              100
        BANK12           000C00-000CFF              100
        BANK13           000D00-000DFF              100
        BANK14           000E00-000EFF              100
        BANK15           000F00-000F5F               60
        BANK2            000200-0002FF              100
        BANK3            000300-0003FF              100
        BANK4            000400-0004FF              100
        BANK5            000500-0005FF              100
        BANK6            000600-0006FF              100
        BANK7            000700-0007FF              100
        BANK8            000800-0008FF              100
        BANK9            000900-0009FF              100
        BIGRAM           000047-00005F               19
                         000098-000F5F              EC8
        BIGSFR           000F60-000FFF               A0
        CODE             000004-000007                4
                         0000BA-000FFF              F46
                         001BDC-00FFFF             E424
        COMRAM           000047-00005F               19
        CONST            000004-000007                4
                         0000BA-000FFF              F46
                         001BDC-00FFFF             E424
        EEDATA           F00000-F003FF              400
        IDLOC            200000-200007                8
        MEDIUMCONST      001BDC-00FFFF             E424
        RAM              000098-000F5F              100
        SFR              000F60-000FFF               A0
        SMALLCONST       001BDC-00FFFF              100

                                  Symbol Table

?_RealTimeClock_DS1307                         cstackBANK0  000090
EEPROM_24C01C_Read_Data@Data_Add               cstackBANK0  000090
EEPROM_24C01C_Read_Data@EEPROM_Add             cstackBANK0  000091
EEPROM_24C01C_Read_Data@Rec_Data               cstackBANK0  000092
EEPROM_24C01C_Write_Data@Data_Add              cstackBANK0  000090
EEPROM_24C01C_Write_Data@EEPROM_Add            cstackBANK0  000092
EEPROM_24C01C_Write_Data@data                  cstackBANK0  000091
EUSART_SetErrorHandler@interruptHandler        cstackBANK0  000084
EUSART_SetFramingErrorHandler@interruptHandler cstackBANK0  000084
EUSART_SetOverrunErrorHandler@interruptHandler cstackBANK0  000084
EUSART_Write@txData                            cstackBANK0  000084
I2C_CallbackReturnReset@funPtr                 cstackCOMRAM 00002E
I2C_Close@returnValue                          cstackBANK0  000084
I2C_MasterOperation@read                       cstackBANK0  000084
I2C_MasterOperation@returnValue                cstackBANK0  000085
I2C_MasterSendTxData@data                      cstackCOMRAM 000025
I2C_Open@address                               cstackBANK0  000086
I2C_Open@returnValue                           cstackBANK0  000087
I2C_Read1ByteRegister@address                  cstackBANK0  00008E
I2C_Read1ByteRegister@reg                      cstackBANK0  00008D
I2C_Read1ByteRegister@returnValue              cstackBANK0  00008F
I2C_SetAddressNackCallback@cb                  cstackBANK0  000089
I2C_SetAddressNackCallback@ptr                 cstackBANK0  00008B
I2C_SetBuffer@buffer                           cstackBANK0  000084
I2C_SetBuffer@bufferSize                       cstackBANK0  000086
I2C_SetCallback@cb                             cstackBANK0  000084
I2C_SetCallback@idx                            cstackBANK0  000088
I2C_SetCallback@ptr                            cstackBANK0  000086
I2C_SetDataCompleteCallback@cb                 cstackBANK0  000089
I2C_SetDataCompleteCallback@ptr                cstackBANK0  00008B
I2C_SetInterruptHandler@InterruptHandler       cstackBANK0  000084
I2C_Write1ByteRegister@address                 cstackBANK0  00008F
I2C_Write1ByteRegister@data                    cstackBANK0  00008E
I2C_Write1ByteRegister@reg                     cstackBANK0  00008D
TempSensor_TC74_Read_Temp@TC74_Address         cstackBANK0  000090
TempSensor_TC74_Read_Temp@TC74_TempValue       cstackBANK0  000091
UART_LoggingDebugData_Send_Str@l_uart_string   cstackBANK0  000089
UART_LoggingDebugData_Send_Str@string          cstackBANK0  000085
UART_LoggingDebugData_Send_Str@string_length   cstackBANK0  000087
_ANSEL                                         (abs)        000F7E
_ANSELH                                        (abs)        000F7F
_BAUDCON                                       (abs)        000FB8
_EEADR                                         (abs)        000FA9
_EEADRH                                        (abs)        000FAA
_EECON1bits                                    (abs)        000FA6
_EECON2                                        (abs)        000FA7
_EEDATA                                        (abs)        000FA8
_EEPROM_24C01C_Read_Data                       text17       001A1E
_EEPROM_24C01C_Write_Data                      text15       001A94
_EUSART_DefaultErrorHandler                    (abs)        000000
_EUSART_DefaultFramingErrorHandler             (abs)        000000
_EUSART_DefaultOverrunErrorHandler             (abs)        000000
_EUSART_ErrorHandler                           nvCOMRAM     000040
_EUSART_FramingErrorHandler                    nvCOMRAM     000044
_EUSART_Initialize                             text7        001788
_EUSART_OverrunErrorHandler                    nvCOMRAM     000042
_EUSART_SetErrorHandler                        text10       001B32
_EUSART_SetFramingErrorHandler                 text9        001B28
_EUSART_SetOverrunErrorHandler                 text8        001B1E
_EUSART_Write                                  text14       001A06
_GL_RTC_DS1307                                 bssCOMRAM    000001
_I2C_CallbackReturnReset                       text61       001BCC
_I2C_CallbackReturnStop                        text62       001BD0
_I2C_Close                                     text30       001884
_I2C_DO_ADDRESS_NACK                           text38       00165E
_I2C_DO_IDLE                                   text52       001B08
_I2C_DO_RCEN                                   text47       001AFC
_I2C_DO_RESET                                  text39       001AF0
_I2C_DO_RX                                     text48       001268
_I2C_DO_RX_ACK                                 text42       001B66
_I2C_DO_RX_NACK_RESTART                        text40       001B56
_I2C_DO_RX_NACK_STOP                           text41       001B5E
_I2C_DO_SEND_ADR_READ                          text51       001AD2
_I2C_DO_SEND_ADR_WRITE                         text50       001AE2
_I2C_DO_SEND_RESTART                           text44       001B76
_I2C_DO_SEND_RESTART_READ                      text46       001B86
_I2C_DO_SEND_RESTART_WRITE                     text45       001B7E
_I2C_DO_SEND_STOP                              text43       001B6E
_I2C_DO_TX                                     text49       00103A
_I2C_DO_TX_EMPTY                               text53       00142E
_I2C_Initialize                                text6        001AAA
_I2C_MasterClearIrq                            text33       001BB8
_I2C_MasterClose                               text32       001BB4
_I2C_MasterDisableIrq                          text31       001BB0
_I2C_MasterEnableIrq                           text26       001BA8
_I2C_MasterEnableRestart                       text72       001BD8
_I2C_MasterFsm                                 text36       00151E
_I2C_MasterGetRxData                           text58       001BC4
_I2C_MasterIsNack                              text55       001ABE
_I2C_MasterIsr                                 text35       001B96
_I2C_MasterOpen                                text25       0019CC
_I2C_MasterOperation                           text28       0017CC
_I2C_MasterSendAck                             text57       001B9C
_I2C_MasterSendNack                            text59       001BA2
_I2C_MasterSendTxData                          text56       001B8E
_I2C_MasterSetIrq                              text54       001BC0
_I2C_MasterStart                               text29       001BAC
_I2C_MasterStartRx                             text60       001BC8
_I2C_MasterStop                                text71       001BD4
_I2C_MasterWrite                               text27       001B4E
_I2C_Open                                      text23       00130E
_I2C_Read1ByteRegister                         text18       0013B0
_I2C_SetAddressNackCallback                    text21       001A4E
_I2C_SetBuffer                                 text20       001962
_I2C_SetCallback                               text22       00158C
_I2C_SetDataCompleteCallback                   text19       001A36
_I2C_SetInterruptHandler                       text24       001B3C
_I2C_Status                                    bssBANK0     000060
_I2C_Write1ByteRegister                        text16       0014AA
_INTCON2bits                                   (abs)        000FF1
_INTCONbits                                    (abs)        000FF2
_INTERRUPT_Initialize                          text5        001B46
_INTERRUPT_InterruptManagerHigh                intcode      000008
_IPR1bits                                      (abs)        000F9F
_IPR2bits                                      (abs)        000FA2
_LATA                                          (abs)        000F89
_LATB                                          (abs)        000F8A
_LATC                                          (abs)        000F8B
_LATD                                          (abs)        000F8C
_LATE                                          (abs)        000F8D
_MSSP_InterruptHandler                         bssCOMRAM    00000D
_OSCCON                                        (abs)        000FD3
_OSCILLATOR_Initialize                         text4        001B14
_OSCTUNE                                       (abs)        000F9B
_PIE1bits                                      (abs)        000F9D
_PIE2bits                                      (abs)        000FA0
_PIN_MANAGER_Initialize                        text3        001852
_PIR1bits                                      (abs)        000F9E
_PIR2bits                                      (abs)        000FA1
_RCONbits                                      (abs)        000FD0
_RCREG                                         (abs)        000FAE
_RCSTA                                         (abs)        000FAB
_RCSTAbits                                     (abs)        000FAB
_RTC_PRINT_STR                                 text12       0011C0
_RTC_Pack                                      bssCOMRAM    000013
_RealTimeClock_DS1307                          text11       0015F6
_SPBRG                                         (abs)        000FAF
_SPBRGH                                        (abs)        000FB0
_SSPADD                                        (abs)        000FC8
_SSPBUF                                        (abs)        000FC9
_SSPCON1                                       (abs)        000FC6
_SSPCON1bits                                   (abs)        000FC6
_SSPCON2                                       (abs)        000FC5
_SSPCON2bits                                   (abs)        000FC5
_SSPSTAT                                       (abs)        000FC7
_SSPSTATbits                                   (abs)        000FC7
_SYSTEM_Initialize                             text2        001A7E
_TABLAT                                        (abs)        000FF5
_TBLPTRH                                       (abs)        000FF7
_TBLPTRL                                       (abs)        000FF6
_TBLPTRU                                       (abs)        000FF8
_TRISA                                         (abs)        000F92
_TRISB                                         (abs)        000F93
_TRISC                                         (abs)        000F94
_TRISD                                         (abs)        000F95
_TRISE                                         (abs)        000F96
_TXREG                                         (abs)        000FAD
_TXSTA                                         (abs)        000FAC
_TXSTAbits                                     (abs)        000FAC
_TempSensor_A7_val                             bssCOMRAM    00000F
_TempSensor_TC74_Read_Temp                     text1        0019EE
_U3_REC_DATA                                   bssCOMRAM    000011
_U4_REC_DATA                                   bssCOMRAM    000010
_UART_LoggingDebugData_Send_Str                text13       00172A
_WPUB                                          (abs)        000F7C
__HRAM                                         (abs)        000000
__H__absolute__                                __absolute__ 000000
__Habs1                                        abs1         000000
__Hbank0                                       bank0        000000
__Hbank1                                       bank1        000000
__Hbank10                                      bank10       000000
__Hbank11                                      bank11       000000
__Hbank12                                      bank12       000000
__Hbank13                                      bank13       000000
__Hbank14                                      bank14       000000
__Hbank15                                      bank15       000000
__Hbank2                                       bank2        000000
__Hbank3                                       bank3        000000
__Hbank4                                       bank4        000000
__Hbank5                                       bank5        000000
__Hbank6                                       bank6        000000
__Hbank7                                       bank7        000000
__Hbank8                                       bank8        000000
__Hbank9                                       bank9        000000
__Hbigbss                                      bigbss       000000
__Hbigdata                                     bigdata      000000
__Hbigram                                      bigram       000000
__Hbigsfr                                      bigsfr       000000
__Hbss                                         bss          000000
__HbssBANK0                                    bssBANK0     000000
__HbssCOMRAM                                   bssCOMRAM    000000
__Hcinit                                       cinit        000000
__Hclrtext                                     clrtext      000000
__Hcomram                                      comram       000000
__Hconfig                                      config       30000E
__Hconst                                       const        000000
__HcstackBANK0                                 cstackBANK0  000000
__HcstackCOMRAM                                cstackCOMRAM 000000
__Hdata                                        data         000000
__Heeprom_data                                 eeprom_data  000000
__Hfarbss                                      farbss       000000
__Hfardata                                     fardata      000000
__Hheap                                        heap         000000
__Hibigdata                                    ibigdata     000000
__Hidata                                       idata        000000
__Hidloc                                       idloc        000000
__Hifardata                                    ifardata     000000
__Hinit                                        init         0000BA
__Hintcode                                     intcode      0000B6
__Hintcode_body                                intcode_body 000000
__Hintcodelo                                   intcodelo    0000B6
__Hintentry                                    intentry     000000
__Hintret                                      intret       000000
__Hintsave_regs                                intsave_regs 000000
__Hirdata                                      irdata       000000
__Hmediumconst                                 mediumconst  000000
__HnvCOMRAM                                    nvCOMRAM     000000
__HnvFARRAM                                    nvFARRAM     000000
__Hnvbit                                       nvbit        000000
__Hnvrram                                      nvrram       000000
__Hparam                                       rparam       000000
__Hpowerup                                     powerup      0000B6
__Hram                                         ram          000000
__Hramtop                                      ramtop       001000
__Hrbit                                        rbit         000000
__Hrbss                                        rbss         000000
__Hrdata                                       rdata        000000
__Hreset_vec                                   reset_vec    000004
__Hrparam                                      rparam       000000
__Hsfr                                         sfr          000000
__Hsivt_hi                                     sivt_hi      000000
__Hsivt_lo                                     sivt_lo      000000
__Hsmallconst                                  smallconst   00103A
__Hspace_0                                     (abs)        001BDC
__Hspace_1                                     (abs)        000098
__Hspace_2                                     (abs)        000000
__Hspace_4                                     (abs)        60000E
__Hstack                                       stack        000000
__Hstruct                                      struct       000000
__Htemp                                        temp         000047
__Htext                                        text         000000
__Htext0                                       text0        000000
__Htext1                                       text1        000000
__Htext10                                      text10       000000
__Htext11                                      text11       000000
__Htext12                                      text12       000000
__Htext13                                      text13       000000
__Htext14                                      text14       000000
__Htext15                                      text15       000000
__Htext16                                      text16       000000
__Htext17                                      text17       000000
__Htext18                                      text18       000000
__Htext19                                      text19       000000
__Htext2                                       text2        000000
__Htext20                                      text20       000000
__Htext21                                      text21       000000
__Htext22                                      text22       000000
__Htext23                                      text23       000000
__Htext24                                      text24       000000
__Htext25                                      text25       000000
__Htext26                                      text26       000000
__Htext27                                      text27       000000
__Htext28                                      text28       000000
__Htext29                                      text29       000000
__Htext3                                       text3        000000
__Htext30                                      text30       000000
__Htext31                                      text31       000000
__Htext32                                      text32       000000
__Htext33                                      text33       000000
__Htext35                                      text35       000000
__Htext36                                      text36       000000
__Htext37                                      text37       000000
__Htext38                                      text38       000000
__Htext39                                      text39       000000
__Htext4                                       text4        000000
__Htext40                                      text40       000000
__Htext41                                      text41       000000
__Htext42                                      text42       000000
__Htext43                                      text43       000000
__Htext44                                      text44       000000
__Htext45                                      text45       000000
__Htext46                                      text46       000000
__Htext47                                      text47       000000
__Htext48                                      text48       000000
__Htext49                                      text49       000000
__Htext5                                       text5        000000
__Htext50                                      text50       000000
__Htext51                                      text51       000000
__Htext52                                      text52       000000
__Htext53                                      text53       000000
__Htext54                                      text54       000000
__Htext55                                      text55       000000
__Htext56                                      text56       000000
__Htext57                                      text57       000000
__Htext58                                      text58       000000
__Htext59                                      text59       000000
__Htext6                                       text6        000000
__Htext60                                      text60       000000
__Htext61                                      text61       000000
__Htext62                                      text62       000000
__Htext63                                      text63       000000
__Htext64                                      text64       000000
__Htext65                                      text65       000000
__Htext66                                      text66       000000
__Htext67                                      text67       000000
__Htext68                                      text68       000000
__Htext69                                      text69       000000
__Htext7                                       text7        000000
__Htext70                                      text70       000000
__Htext71                                      text71       000000
__Htext72                                      text72       000000
__Htext8                                       text8        000000
__Htext9                                       text9        000000
__LRAM                                         (abs)        000001
__L__absolute__                                __absolute__ 000000
__Labs1                                        abs1         000000
__Lbank0                                       bank0        000000
__Lbank1                                       bank1        000000
__Lbank10                                      bank10       000000
__Lbank11                                      bank11       000000
__Lbank12                                      bank12       000000
__Lbank13                                      bank13       000000
__Lbank14                                      bank14       000000
__Lbank15                                      bank15       000000
__Lbank2                                       bank2        000000
__Lbank3                                       bank3        000000
__Lbank4                                       bank4        000000
__Lbank5                                       bank5        000000
__Lbank6                                       bank6        000000
__Lbank7                                       bank7        000000
__Lbank8                                       bank8        000000
__Lbank9                                       bank9        000000
__Lbigbss                                      bigbss       000000
__Lbigdata                                     bigdata      000000
__Lbigram                                      bigram       000000
__Lbigsfr                                      bigsfr       000000
__Lbss                                         bss          000000
__LbssBANK0                                    bssBANK0     000000
__LbssCOMRAM                                   bssCOMRAM    000000
__Lcinit                                       cinit        000000
__Lclrtext                                     clrtext      000000
__Lcomram                                      comram       000000
__Lconfig                                      config       000000
__Lconst                                       const        000000
__LcstackBANK0                                 cstackBANK0  000000
__LcstackCOMRAM                                cstackCOMRAM 000000
__Ldata                                        data         000000
__Leeprom_data                                 eeprom_data  000000
__Lfarbss                                      farbss       000000
__Lfardata                                     fardata      000000
__Lheap                                        heap         000000
__Libigdata                                    ibigdata     000000
__Lidata                                       idata        000000
__Lidloc                                       idloc        000000
__Lifardata                                    ifardata     000000
__Linit                                        init         0000B6
__Lintcode                                     intcode      000008
__Lintcode_body                                intcode_body 000000
__Lintcodelo                                   intcodelo    0000B6
__Lintentry                                    intentry     000000
__Lintret                                      intret       000000
__Lintsave_regs                                intsave_regs 000000
__Lirdata                                      irdata       000000
__Lmediumconst                                 mediumconst  000000
__LnvCOMRAM                                    nvCOMRAM     000000
__LnvFARRAM                                    nvFARRAM     000000
__Lnvbit                                       nvbit        000000
__Lnvrram                                      nvrram       000000
__Lparam                                       rparam       000000
__Lpowerup                                     powerup      0000B6
__Lram                                         ram          000000
__Lramtop                                      ramtop       001000
__Lrbit                                        rbit         000000
__Lrbss                                        rbss         000000
__Lrdata                                       rdata        000000
__Lreset_vec                                   reset_vec    000000
__Lrparam                                      rparam       000000
__Lsfr                                         sfr          000000
__Lsivt_hi                                     sivt_hi      000000
__Lsivt_lo                                     sivt_lo      000000
__Lsmallconst                                  smallconst   001000
__Lspace_0                                     (abs)        000000
__Lspace_1                                     (abs)        000000
__Lspace_2                                     (abs)        000000
__Lspace_4                                     (abs)        000000
__Lstack                                       stack        000000
__Lstruct                                      struct       000000
__Ltemp                                        temp         000046
__Ltext                                        text         000000
__Ltext0                                       text0        000000
__Ltext1                                       text1        000000
__Ltext10                                      text10       000000
__Ltext11                                      text11       000000
__Ltext12                                      text12       000000
__Ltext13                                      text13       000000
__Ltext14                                      text14       000000
__Ltext15                                      text15       000000
__Ltext16                                      text16       000000
__Ltext17                                      text17       000000
__Ltext18                                      text18       000000
__Ltext19                                      text19       000000
__Ltext2                                       text2        000000
__Ltext20                                      text20       000000
__Ltext21                                      text21       000000
__Ltext22                                      text22       000000
__Ltext23                                      text23       000000
__Ltext24                                      text24       000000
__Ltext25                                      text25       000000
__Ltext26                                      text26       000000
__Ltext27                                      text27       000000
__Ltext28                                      text28       000000
__Ltext29                                      text29       000000
__Ltext3                                       text3        000000
__Ltext30                                      text30       000000
__Ltext31                                      text31       000000
__Ltext32                                      text32       000000
__Ltext33                                      text33       000000
__Ltext35                                      text35       000000
__Ltext36                                      text36       000000
__Ltext37                                      text37       000000
__Ltext38                                      text38       000000
__Ltext39                                      text39       000000
__Ltext4                                       text4        000000
__Ltext40                                      text40       000000
__Ltext41                                      text41       000000
__Ltext42                                      text42       000000
__Ltext43                                      text43       000000
__Ltext44                                      text44       000000
__Ltext45                                      text45       000000
__Ltext46                                      text46       000000
__Ltext47                                      text47       000000
__Ltext48                                      text48       000000
__Ltext49                                      text49       000000
__Ltext5                                       text5        000000
__Ltext50                                      text50       000000
__Ltext51                                      text51       000000
__Ltext52                                      text52       000000
__Ltext53                                      text53       000000
__Ltext54                                      text54       000000
__Ltext55                                      text55       000000
__Ltext56                                      text56       000000
__Ltext57                                      text57       000000
__Ltext58                                      text58       000000
__Ltext59                                      text59       000000
__Ltext6                                       text6        000000
__Ltext60                                      text60       000000
__Ltext61                                      text61       000000
__Ltext62                                      text62       000000
__Ltext63                                      text63       000000
__Ltext64                                      text64       000000
__Ltext65                                      text65       000000
__Ltext66                                      text66       000000
__Ltext67                                      text67       000000
__Ltext68                                      text68       000000
__Ltext69                                      text69       000000
__Ltext7                                       text7        000000
__Ltext70                                      text70       000000
__Ltext71                                      text71       000000
__Ltext72                                      text72       000000
__Ltext8                                       text8        000000
__Ltext9                                       text9        000000
__S0                                           (abs)        001BDC
__S1                                           (abs)        000098
__S4                                           (abs)        000000
__S5                                           (abs)        000000
___heap_hi                                     (abs)        000000
___heap_lo                                     (abs)        000000
___inthi_sp                                    stack        000000
___inthi_stack_hi                              stack        000000
___inthi_stack_lo                              stack        000000
___intlo_sp                                    stack        000000
___intlo_stack_hi                              stack        000000
___intlo_stack_lo                              stack        000000
___param_bank                                  (abs)        000000
___rparam_used                                 (abs)        000001
___sp                                          stack        000000
___stack_hi                                    stack        000000
___stack_lo                                    stack        000000
__accesstop                                    (abs)        000060
__activetblptr                                 (abs)        000003
__end_of_EEPROM_24C01C_Read_Data               text17       001A36
__end_of_EEPROM_24C01C_Write_Data              text15       001AAA
__end_of_EUSART_Initialize                     text7        0017CC
__end_of_EUSART_SetErrorHandler                text10       001B3C
__end_of_EUSART_SetFramingErrorHandler         text9        001B32
__end_of_EUSART_SetOverrunErrorHandler         text8        001B28
__end_of_EUSART_Write                          text14       001A1E
__end_of_I2C_CallbackReturnReset               text61       001BD0
__end_of_I2C_CallbackReturnStop                text62       001BD4
__end_of_I2C_Close                             text30       0018B2
__end_of_I2C_DO_ADDRESS_NACK                   text38       0016C4
__end_of_I2C_DO_IDLE                           text52       001B14
__end_of_I2C_DO_RCEN                           text47       001B08
__end_of_I2C_DO_RESET                          text39       001AFC
__end_of_I2C_DO_RX                             text48       00130E
__end_of_I2C_DO_RX_ACK                         text42       001B6E
__end_of_I2C_DO_RX_NACK_RESTART                text40       001B5E
__end_of_I2C_DO_RX_NACK_STOP                   text41       001B66
__end_of_I2C_DO_SEND_ADR_READ                  text51       001AE2
__end_of_I2C_DO_SEND_ADR_WRITE                 text50       001AF0
__end_of_I2C_DO_SEND_RESTART                   text44       001B7E
__end_of_I2C_DO_SEND_RESTART_READ              text46       001B8E
__end_of_I2C_DO_SEND_RESTART_WRITE             text45       001B86
__end_of_I2C_DO_SEND_STOP                      text43       001B76
__end_of_I2C_DO_TX                             text49       0010FE
__end_of_I2C_DO_TX_EMPTY                       text53       0014AA
__end_of_I2C_Initialize                        text6        001ABE
__end_of_I2C_MasterClearIrq                    text33       001BBC
__end_of_I2C_MasterClose                       text32       001BB8
__end_of_I2C_MasterDisableIrq                  text31       001BB4
__end_of_I2C_MasterEnableIrq                   text26       001BAC
__end_of_I2C_MasterEnableRestart               text72       001BDC
__end_of_I2C_MasterFsm                         text36       00158C
__end_of_I2C_MasterGetRxData                   text58       001BC8
__end_of_I2C_MasterIsNack                      text55       001AD2
__end_of_I2C_MasterIsr                         text35       001B9C
__end_of_I2C_MasterOpen                        text25       0019EE
__end_of_I2C_MasterOperation                   text28       001810
__end_of_I2C_MasterSendAck                     text57       001BA2
__end_of_I2C_MasterSendNack                    text59       001BA8
__end_of_I2C_MasterSendTxData                  text56       001B96
__end_of_I2C_MasterSetIrq                      text54       001BC4
__end_of_I2C_MasterStart                       text29       001BB0
__end_of_I2C_MasterStartRx                     text60       001BCC
__end_of_I2C_MasterStop                        text71       001BD8
__end_of_I2C_MasterWrite                       text27       001B56
__end_of_I2C_Open                              text23       0013B0
__end_of_I2C_Read1ByteRegister                 text18       00142E
__end_of_I2C_SetAddressNackCallback            text21       001A66
__end_of_I2C_SetBuffer                         text20       001986
__end_of_I2C_SetCallback                       text22       0015F6
__end_of_I2C_SetDataCompleteCallback           text19       001A4E
__end_of_I2C_SetInterruptHandler               text24       001B46
__end_of_I2C_Write1ByteRegister                text16       00151E
__end_of_INTERRUPT_Initialize                  text5        001B4E
__end_of_INTERRUPT_InterruptManagerHigh        intcode      0000B6
__end_of_OSCILLATOR_Initialize                 text4        001B1E
__end_of_PIN_MANAGER_Initialize                text3        001884
__end_of_RTC_PRINT_STR                         text12       001268
__end_of_RealTimeClock_DS1307                  text11       00165E
__end_of_SYSTEM_Initialize                     text2        001A94
__end_of_TempSensor_TC74_Read_Temp             text1        001A06
__end_of_UART_LoggingDebugData_Send_Str        text13       001788
__end_of__initialization                       cinit        0019C2
__end_of_i2c_fsmStateTable                     smallconst   001021
__end_of_main                                  text0        0011C0
__end_of_rd1RegCompleteHandler                 text66       001936
__end_of_rd2RegCompleteHandler                 text65       00190A
__end_of_rdBlkRegCompleteHandler               text63       001852
__end_of_wr1RegCompleteHandler                 text64       0018DE
__end_of_wr2RegCompleteHandler                 text67       001962
__end_ofi2_I2C_MasterClearIrq                  text37       001BC0
__end_ofi2_I2C_SetBuffer                       text70       0019AA
__end_ofi2_I2C_SetCallback                     text69       00172A
__end_ofi2_I2C_SetDataCompleteCallback         text68       001A7E
__initialization                               cinit        0019AA
__mediumconst                                  mediumconst  000000
__pbssBANK0                                    bssBANK0     000060
__pbssCOMRAM                                   bssCOMRAM    000001
__pcinit                                       cinit        0019AA
__pcstackBANK0                                 cstackBANK0  000084
__pcstackCOMRAM                                cstackCOMRAM 000025
__pintcode                                     intcode      000008
__pnvCOMRAM                                    nvCOMRAM     000040
__psmallconst                                  smallconst   001000
__ptext0                                       text0        0010FE
__ptext1                                       text1        0019EE
__ptext10                                      text10       001B32
__ptext11                                      text11       0015F6
__ptext12                                      text12       0011C0
__ptext13                                      text13       00172A
__ptext14                                      text14       001A06
__ptext15                                      text15       001A94
__ptext16                                      text16       0014AA
__ptext17                                      text17       001A1E
__ptext18                                      text18       0013B0
__ptext19                                      text19       001A36
__ptext2                                       text2        001A7E
__ptext20                                      text20       001962
__ptext21                                      text21       001A4E
__ptext22                                      text22       00158C
__ptext23                                      text23       00130E
__ptext24                                      text24       001B3C
__ptext25                                      text25       0019CC
__ptext26                                      text26       001BA8
__ptext27                                      text27       001B4E
__ptext28                                      text28       0017CC
__ptext29                                      text29       001BAC
__ptext3                                       text3        001852
__ptext30                                      text30       001884
__ptext31                                      text31       001BB0
__ptext32                                      text32       001BB4
__ptext33                                      text33       001BB8
__ptext35                                      text35       001B96
__ptext36                                      text36       00151E
__ptext37                                      text37       001BBC
__ptext38                                      text38       00165E
__ptext39                                      text39       001AF0
__ptext4                                       text4        001B14
__ptext40                                      text40       001B56
__ptext41                                      text41       001B5E
__ptext42                                      text42       001B66
__ptext43                                      text43       001B6E
__ptext44                                      text44       001B76
__ptext45                                      text45       001B7E
__ptext46                                      text46       001B86
__ptext47                                      text47       001AFC
__ptext48                                      text48       001268
__ptext49                                      text49       00103A
__ptext5                                       text5        001B46
__ptext50                                      text50       001AE2
__ptext51                                      text51       001AD2
__ptext52                                      text52       001B08
__ptext53                                      text53       00142E
__ptext54                                      text54       001BC0
__ptext55                                      text55       001ABE
__ptext56                                      text56       001B8E
__ptext57                                      text57       001B9C
__ptext58                                      text58       001BC4
__ptext59                                      text59       001BA2
__ptext6                                       text6        001AAA
__ptext60                                      text60       001BC8
__ptext61                                      text61       001BCC
__ptext62                                      text62       001BD0
__ptext63                                      text63       001810
__ptext64                                      text64       0018B2
__ptext65                                      text65       0018DE
__ptext66                                      text66       00190A
__ptext67                                      text67       001936
__ptext68                                      text68       001A66
__ptext69                                      text69       0016C4
__ptext7                                       text7        001788
__ptext70                                      text70       001986
__ptext71                                      text71       001BD4
__ptext72                                      text72       001BD8
__ptext8                                       text8        001B1E
__ptext9                                       text9        001B28
__ramtop                                       ramtop       001000
__smallconst                                   smallconst   001000
_eusartRxLastError                             bssCOMRAM    000012
_i2c_fsmStateTable                             smallconst   001001
_l_RTC_DS1307                                  bssCOMRAM    000007
_main                                          text0        0010FE
_rd1RegCompleteHandler                         text66       00190A
_rd2RegCompleteHandler                         text65       0018DE
_rdBlkRegCompleteHandler                       text63       001810
_wr1RegCompleteHandler                         text64       0018B2
_wr2RegCompleteHandler                         text67       001936
btemp                                          temp         000046
end_of_initialization                          cinit        0019C2
i2I2C_SetBuffer@buffer                         cstackCOMRAM 000025
i2I2C_SetBuffer@bufferSize                     cstackCOMRAM 000027
i2I2C_SetCallback@cb                           cstackCOMRAM 000025
i2I2C_SetCallback@idx                          cstackCOMRAM 000029
i2I2C_SetCallback@ptr                          cstackCOMRAM 000027
i2I2C_SetDataCompleteCallback@cb               cstackCOMRAM 00002A
i2I2C_SetDataCompleteCallback@ptr              cstackCOMRAM 00002C
i2_I2C_MasterClearIrq                          text37       001BBC
i2_I2C_SetBuffer                               text70       001986
i2_I2C_SetCallback                             text69       0016C4
i2_I2C_SetDataCompleteCallback                 text68       001A66
int$flags                                      temp         000046
intlevel0                                      text         000000
intlevel1                                      text         000000
intlevel2                                      text         000000
intlevel3                                      text         000000
isa$std                                        (abs)        000001
isa$xinst                                      (abs)        000000
rd1RegCompleteHandler@ptr                      cstackCOMRAM 00002E
rd2RegCompleteHandler@ptr                      cstackCOMRAM 00002E
rdBlkRegCompleteHandler@ptr                    cstackCOMRAM 00002E
stackhi                                        (abs)        000000
stacklo                                        (abs)        000000
start                                          init         0000B6
start_initialization                           cinit        0019AA
ttemp5                                         temp         000047
ttemp6                                         temp         00004A
ttemp7                                         temp         00004E
wr1RegCompleteHandler@ptr                      cstackCOMRAM 00002E
wr2RegCompleteHandler@ptr                      cstackCOMRAM 00002E
wtemp8                                         temp         000047


MODULE INFORMATION

Module		Function		Class		Link	Load	Size
mcc_generated_files/interrupt_manager.c
		_INTERRUPT_Initialize		CODE           	1B46	0000	8
		_INTERRUPT_InterruptManagerHigh		CODE           	0008	0000	174

mcc_generated_files/interrupt_manager.c estimated size: 182

mcc_generated_files/examples/i2c_master_example.c
		_wr1RegCompleteHandler		CODE           	18B2	0000	44
		_wr2RegCompleteHandler		CODE           	1936	0000	44
		_I2C_Write1ByteRegister		CODE           	14AA	0000	116
		_I2C_Read1ByteRegister		CODE           	13B0	0000	126
		_rdBlkRegCompleteHandler		CODE           	1810	0000	66
		_rd1RegCompleteHandler		CODE           	190A	0000	44
		_rd2RegCompleteHandler		CODE           	18DE	0000	44

mcc_generated_files/examples/i2c_master_example.c estimated size: 484

mcc_generated_files/pin_manager.c
		_PIN_MANAGER_Initialize		CODE           	1852	0000	50

mcc_generated_files/pin_manager.c estimated size: 50

AEUCL_Modules/UART_LoggingDebugData/UART_LoggingDebugData.c
		_UART_LoggingDebugData_Send_Str		CODE           	172A	0000	94

AEUCL_Modules/UART_LoggingDebugData/UART_LoggingDebugData.c estimated size: 94

AEUCL_Modules/EEPROM_24C01C/EEPROM_24C01C.c
		_EEPROM_24C01C_Write_Data		CODE           	1A94	0000	22
		_EEPROM_24C01C_Read_Data		CODE           	1A1E	0000	24

AEUCL_Modules/EEPROM_24C01C/EEPROM_24C01C.c estimated size: 46

shared
		i2_I2C_SetBuffer		CODE           	1986	0000	36
		__initialization		CODE           	19AA	0000	24
		i2_I2C_SetCallback		CODE           	16C4	0000	102
		i2_I2C_SetDataCompleteCallback		CODE           	1A66	0000	24
		i2_I2C_MasterClearIrq		CODE           	1BBC	0000	4
		_i2c_fsmStateTable		SMALLCONST     	1001	0000	32

shared estimated size: 222

mcc_generated_files/mcc.c
		_OSCILLATOR_Initialize		CODE           	1B14	0000	10
		_SYSTEM_Initialize		CODE           	1A7E	0000	22

mcc_generated_files/mcc.c estimated size: 32

AEUCL_Modules/TempSensor_TC74/TempSensor_TC74.c
		_TempSensor_TC74_Read_Temp		CODE           	19EE	0000	24

AEUCL_Modules/TempSensor_TC74/TempSensor_TC74.c estimated size: 24

AEUCL_Modules/RTC_DS1307/RTC_DS1307.c
		_RTC_PRINT_STR 		CODE           	11C0	0000	168
		_RealTimeClock_DS1307		CODE           	15F6	0000	104

AEUCL_Modules/RTC_DS1307/RTC_DS1307.c estimated size: 272

mcc_generated_files/i2c_master.c
		_I2C_Close     		CODE           	1884	0000	46
		_I2C_MasterStartRx		CODE           	1BC8	0000	4
		_I2C_DO_SEND_ADR_WRITE		CODE           	1AE2	0000	14
		_I2C_DO_SEND_STOP		CODE           	1B6E	0000	8
		_I2C_MasterSendNack		CODE           	1BA2	0000	6
		_I2C_MasterDisableIrq		CODE           	1BB0	0000	4
		_I2C_CallbackReturnStop		CODE           	1BD0	0000	4
		_I2C_MasterOperation		CODE           	17CC	0000	68
		_I2C_DO_SEND_ADR_READ		CODE           	1AD2	0000	16
		_I2C_DO_RX_NACK_STOP		CODE           	1B5E	0000	8
		_I2C_DO_SEND_RESTART		CODE           	1B76	0000	8
		_I2C_DO_RX     		CODE           	1268	0000	166
		_I2C_DO_TX     		CODE           	103A	0000	196
		_I2C_DO_IDLE   		CODE           	1B08	0000	12
		_I2C_DO_RCEN   		CODE           	1AFC	0000	12
		_I2C_DO_RESET  		CODE           	1AF0	0000	12
		_I2C_MasterClose		CODE           	1BB4	0000	4
		_I2C_MasterWrite		CODE           	1B4E	0000	8
		_I2C_DO_RX_ACK 		CODE           	1B66	0000	8
		_I2C_MasterStart		CODE           	1BAC	0000	4
		_I2C_MasterClearIrq		CODE           	1BB8	0000	4
		_I2C_MasterGetRxData		CODE           	1BC4	0000	4
		_I2C_SetCallback		CODE           	158C	0000	106
		_I2C_DO_ADDRESS_NACK		CODE           	165E	0000	102
		_I2C_MasterEnableRestart		CODE           	1BD8	0000	4
		_I2C_CallbackReturnReset		CODE           	1BCC	0000	4
		_I2C_Open      		CODE           	130E	0000	162
		_I2C_SetAddressNackCallback		CODE           	1A4E	0000	24
		_I2C_DO_TX_EMPTY		CODE           	142E	0000	124
		_I2C_DO_SEND_RESTART_WRITE		CODE           	1B7E	0000	8
		_I2C_MasterIsNack		CODE           	1ABE	0000	20
		_I2C_SetDataCompleteCallback		CODE           	1A36	0000	24
		_I2C_DO_RX_NACK_RESTART		CODE           	1B56	0000	8
		_I2C_MasterSendAck		CODE           	1B9C	0000	6
		_I2C_MasterFsm 		CODE           	151E	0000	110
		_I2C_MasterIsr 		CODE           	1B96	0000	6
		_I2C_MasterSetIrq		CODE           	1BC0	0000	4
		_I2C_DO_SEND_RESTART_READ		CODE           	1B86	0000	8
		_I2C_MasterEnableIrq		CODE           	1BA8	0000	4
		_I2C_Initialize		CODE           	1AAA	0000	20
		_I2C_SetBuffer 		CODE           	1962	0000	36
		_I2C_SetInterruptHandler		CODE           	1B3C	0000	10
		_I2C_MasterOpen		CODE           	19CC	0000	34
		_I2C_MasterSendTxData		CODE           	1B8E	0000	8
		_I2C_MasterStop		CODE           	1BD4	0000	4

mcc_generated_files/i2c_master.c estimated size: 1452

mcc_generated_files/eusart.c
		_EUSART_Write  		CODE           	1A06	0000	24
		_EUSART_Initialize		CODE           	1788	0000	68
		_EUSART_SetFramingErrorHandler		CODE           	1B28	0000	10
		_EUSART_SetErrorHandler		CODE           	1B32	0000	10
		_EUSART_SetOverrunErrorHandler		CODE           	1B1E	0000	10

mcc_generated_files/eusart.c estimated size: 122

main.c
		_main          		CODE           	10FE	0000	194

main.c estimated size: 194

